
AVRASM ver. 2.1.30  G:\Arduino\MY_Kitchen_Scale\Debug\List\main.asm Sat Apr 17 02:17:13 2021

G:\Arduino\MY_Kitchen_Scale\Debug\List\main.asm(1086): warning: Register r4 already defined by the .DEF directive
G:\Arduino\MY_Kitchen_Scale\Debug\List\main.asm(1087): warning: Register r5 already defined by the .DEF directive
G:\Arduino\MY_Kitchen_Scale\Debug\List\main.asm(1088): warning: Register r6 already defined by the .DEF directive
G:\Arduino\MY_Kitchen_Scale\Debug\List\main.asm(1089): warning: Register r7 already defined by the .DEF directive
                 
                 
                 ;CodeVisionAVR C Compiler V3.12 Advanced
                 ;(C) Copyright 1998-2014 Pavel Haiduc, HP InfoTech s.r.l.
                 ;http://www.hpinfotech.com
                 
                 ;Build configuration    : Debug
                 ;Chip type              : ATmega8A
                 ;Program type           : Application
                 ;Clock frequency        : 8.000000 MHz
                 ;Memory model           : Small
                 ;Optimize for           : Size
                 ;(s)printf features     : int, width
                 ;(s)scanf features      : int, width
                 ;External RAM size      : 0
                 ;Data Stack size        : 256 byte(s)
                 ;Heap size              : 0 byte(s)
                 ;Promote 'char' to 'int': Yes
                 ;'char' is unsigned     : Yes
                 ;8 bit enums            : Yes
                 ;Global 'const' stored in FLASH: Yes
                 ;Enhanced function parameter passing: Yes
                 ;Enhanced core instructions: On
                 ;Automatic register allocation for global variables: On
                 ;Smart register allocation: On
                 
                 	#define _MODEL_SMALL_
                 
                 	#pragma AVRPART ADMIN PART_NAME ATmega8A
                 	#pragma AVRPART MEMORY PROG_FLASH 8192
                 	#pragma AVRPART MEMORY EEPROM 512
                 	#pragma AVRPART MEMORY INT_SRAM SIZE 1024
                 	#pragma AVRPART MEMORY INT_SRAM START_ADDR 0x60
                 
                 	.LISTMAC
                 	.EQU UDRE=0x5
                 	.EQU RXC=0x7
                 	.EQU USR=0xB
                 	.EQU UDR=0xC
                 	.EQU SPSR=0xE
                 	.EQU SPDR=0xF
                 	.EQU EERE=0x0
                 	.EQU EEWE=0x1
                 	.EQU EEMWE=0x2
                 	.EQU EECR=0x1C
                 	.EQU EEDR=0x1D
                 	.EQU EEARL=0x1E
                 	.EQU EEARH=0x1F
                 	.EQU WDTCR=0x21
                 	.EQU MCUCR=0x35
                 	.EQU GICR=0x3B
                 	.EQU SPL=0x3D
                 	.EQU SPH=0x3E
                 	.EQU SREG=0x3F
                 
                 	.DEF R0X0=R0
                 	.DEF R0X1=R1
                 	.DEF R0X2=R2
                 	.DEF R0X3=R3
                 	.DEF R0X4=R4
                 	.DEF R0X5=R5
                 	.DEF R0X6=R6
                 	.DEF R0X7=R7
                 	.DEF R0X8=R8
                 	.DEF R0X9=R9
                 	.DEF R0XA=R10
                 	.DEF R0XB=R11
                 	.DEF R0XC=R12
                 	.DEF R0XD=R13
                 	.DEF R0XE=R14
                 	.DEF R0XF=R15
                 	.DEF R0X10=R16
                 	.DEF R0X11=R17
                 	.DEF R0X12=R18
                 	.DEF R0X13=R19
                 	.DEF R0X14=R20
                 	.DEF R0X15=R21
                 	.DEF R0X16=R22
                 	.DEF R0X17=R23
                 	.DEF R0X18=R24
                 	.DEF R0X19=R25
                 	.DEF R0X1A=R26
                 	.DEF R0X1B=R27
                 	.DEF R0X1C=R28
                 	.DEF R0X1D=R29
                 	.DEF R0X1E=R30
                 	.DEF R0X1F=R31
                 
                 	.EQU __SRAM_START=0x0060
                 	.EQU __SRAM_END=0x045F
                 	.EQU __DSTACK_SIZE=0x0100
                 	.EQU __HEAP_SIZE=0x0000
                 	.EQU __CLEAR_SRAM_SIZE=__SRAM_END-__SRAM_START+1
                 
                 	.MACRO __CPD1N
                 	CPI  R30,LOW(@0)
                 	LDI  R26,HIGH(@0)
                 	CPC  R31,R26
                 	LDI  R26,BYTE3(@0)
                 	CPC  R22,R26
                 	LDI  R26,BYTE4(@0)
                 	CPC  R23,R26
                 	.ENDM
                 
                 	.MACRO __CPD2N
                 	CPI  R26,LOW(@0)
                 	LDI  R30,HIGH(@0)
                 	CPC  R27,R30
                 	LDI  R30,BYTE3(@0)
                 	CPC  R24,R30
                 	LDI  R30,BYTE4(@0)
                 	CPC  R25,R30
                 	.ENDM
                 
                 	.MACRO __CPWRR
                 	CP   R@0,R@2
                 	CPC  R@1,R@3
                 	.ENDM
                 
                 	.MACRO __CPWRN
                 	CPI  R@0,LOW(@2)
                 	LDI  R30,HIGH(@2)
                 	CPC  R@1,R30
                 	.ENDM
                 
                 	.MACRO __ADDB1MN
                 	SUBI R30,LOW(-@0-(@1))
                 	.ENDM
                 
                 	.MACRO __ADDB2MN
                 	SUBI R26,LOW(-@0-(@1))
                 	.ENDM
                 
                 	.MACRO __ADDW1MN
                 	SUBI R30,LOW(-@0-(@1))
                 	SBCI R31,HIGH(-@0-(@1))
                 	.ENDM
                 
                 	.MACRO __ADDW2MN
                 	SUBI R26,LOW(-@0-(@1))
                 	SBCI R27,HIGH(-@0-(@1))
                 	.ENDM
                 
                 	.MACRO __ADDW1FN
                 	SUBI R30,LOW(-2*@0-(@1))
                 	SBCI R31,HIGH(-2*@0-(@1))
                 	.ENDM
                 
                 	.MACRO __ADDD1FN
                 	SUBI R30,LOW(-2*@0-(@1))
                 	SBCI R31,HIGH(-2*@0-(@1))
                 	SBCI R22,BYTE3(-2*@0-(@1))
                 	.ENDM
                 
                 	.MACRO __ADDD1N
                 	SUBI R30,LOW(-@0)
                 	SBCI R31,HIGH(-@0)
                 	SBCI R22,BYTE3(-@0)
                 	SBCI R23,BYTE4(-@0)
                 	.ENDM
                 
                 	.MACRO __ADDD2N
                 	SUBI R26,LOW(-@0)
                 	SBCI R27,HIGH(-@0)
                 	SBCI R24,BYTE3(-@0)
                 	SBCI R25,BYTE4(-@0)
                 	.ENDM
                 
                 	.MACRO __SUBD1N
                 	SUBI R30,LOW(@0)
                 	SBCI R31,HIGH(@0)
                 	SBCI R22,BYTE3(@0)
                 	SBCI R23,BYTE4(@0)
                 	.ENDM
                 
                 	.MACRO __SUBD2N
                 	SUBI R26,LOW(@0)
                 	SBCI R27,HIGH(@0)
                 	SBCI R24,BYTE3(@0)
                 	SBCI R25,BYTE4(@0)
                 	.ENDM
                 
                 	.MACRO __ANDBMNN
                 	LDS  R30,@0+(@1)
                 	ANDI R30,LOW(@2)
                 	STS  @0+(@1),R30
                 	.ENDM
                 
                 	.MACRO __ANDWMNN
                 	LDS  R30,@0+(@1)
                 	ANDI R30,LOW(@2)
                 	STS  @0+(@1),R30
                 	LDS  R30,@0+(@1)+1
                 	ANDI R30,HIGH(@2)
                 	STS  @0+(@1)+1,R30
                 	.ENDM
                 
                 	.MACRO __ANDD1N
                 	ANDI R30,LOW(@0)
                 	ANDI R31,HIGH(@0)
                 	ANDI R22,BYTE3(@0)
                 	ANDI R23,BYTE4(@0)
                 	.ENDM
                 
                 	.MACRO __ANDD2N
                 	ANDI R26,LOW(@0)
                 	ANDI R27,HIGH(@0)
                 	ANDI R24,BYTE3(@0)
                 	ANDI R25,BYTE4(@0)
                 	.ENDM
                 
                 	.MACRO __ORBMNN
                 	LDS  R30,@0+(@1)
                 	ORI  R30,LOW(@2)
                 	STS  @0+(@1),R30
                 	.ENDM
                 
                 	.MACRO __ORWMNN
                 	LDS  R30,@0+(@1)
                 	ORI  R30,LOW(@2)
                 	STS  @0+(@1),R30
                 	LDS  R30,@0+(@1)+1
                 	ORI  R30,HIGH(@2)
                 	STS  @0+(@1)+1,R30
                 	.ENDM
                 
                 	.MACRO __ORD1N
                 	ORI  R30,LOW(@0)
                 	ORI  R31,HIGH(@0)
                 	ORI  R22,BYTE3(@0)
                 	ORI  R23,BYTE4(@0)
                 	.ENDM
                 
                 	.MACRO __ORD2N
                 	ORI  R26,LOW(@0)
                 	ORI  R27,HIGH(@0)
                 	ORI  R24,BYTE3(@0)
                 	ORI  R25,BYTE4(@0)
                 	.ENDM
                 
                 	.MACRO __DELAY_USB
                 	LDI  R24,LOW(@0)
                 __DELAY_USB_LOOP:
                 	DEC  R24
                 	BRNE __DELAY_USB_LOOP
                 	.ENDM
                 
                 	.MACRO __DELAY_USW
                 	LDI  R24,LOW(@0)
                 	LDI  R25,HIGH(@0)
                 __DELAY_USW_LOOP:
                 	SBIW R24,1
                 	BRNE __DELAY_USW_LOOP
                 	.ENDM
                 
                 	.MACRO __GETD1S
                 	LDD  R30,Y+@0
                 	LDD  R31,Y+@0+1
                 	LDD  R22,Y+@0+2
                 	LDD  R23,Y+@0+3
                 	.ENDM
                 
                 	.MACRO __GETD2S
                 	LDD  R26,Y+@0
                 	LDD  R27,Y+@0+1
                 	LDD  R24,Y+@0+2
                 	LDD  R25,Y+@0+3
                 	.ENDM
                 
                 	.MACRO __PUTD1S
                 	STD  Y+@0,R30
                 	STD  Y+@0+1,R31
                 	STD  Y+@0+2,R22
                 	STD  Y+@0+3,R23
                 	.ENDM
                 
                 	.MACRO __PUTD2S
                 	STD  Y+@0,R26
                 	STD  Y+@0+1,R27
                 	STD  Y+@0+2,R24
                 	STD  Y+@0+3,R25
                 	.ENDM
                 
                 	.MACRO __PUTDZ2
                 	STD  Z+@0,R26
                 	STD  Z+@0+1,R27
                 	STD  Z+@0+2,R24
                 	STD  Z+@0+3,R25
                 	.ENDM
                 
                 	.MACRO __CLRD1S
                 	STD  Y+@0,R30
                 	STD  Y+@0+1,R30
                 	STD  Y+@0+2,R30
                 	STD  Y+@0+3,R30
                 	.ENDM
                 
                 	.MACRO __POINTB1MN
                 	LDI  R30,LOW(@0+(@1))
                 	.ENDM
                 
                 	.MACRO __POINTW1MN
                 	LDI  R30,LOW(@0+(@1))
                 	LDI  R31,HIGH(@0+(@1))
                 	.ENDM
                 
                 	.MACRO __POINTD1M
                 	LDI  R30,LOW(@0)
                 	LDI  R31,HIGH(@0)
                 	LDI  R22,BYTE3(@0)
                 	LDI  R23,BYTE4(@0)
                 	.ENDM
                 
                 	.MACRO __POINTW1FN
                 	LDI  R30,LOW(2*@0+(@1))
                 	LDI  R31,HIGH(2*@0+(@1))
                 	.ENDM
                 
                 	.MACRO __POINTD1FN
                 	LDI  R30,LOW(2*@0+(@1))
                 	LDI  R31,HIGH(2*@0+(@1))
                 	LDI  R22,BYTE3(2*@0+(@1))
                 	LDI  R23,BYTE4(2*@0+(@1))
                 	.ENDM
                 
                 	.MACRO __POINTB2MN
                 	LDI  R26,LOW(@0+(@1))
                 	.ENDM
                 
                 	.MACRO __POINTW2MN
                 	LDI  R26,LOW(@0+(@1))
                 	LDI  R27,HIGH(@0+(@1))
                 	.ENDM
                 
                 	.MACRO __POINTW2FN
                 	LDI  R26,LOW(2*@0+(@1))
                 	LDI  R27,HIGH(2*@0+(@1))
                 	.ENDM
                 
                 	.MACRO __POINTD2FN
                 	LDI  R26,LOW(2*@0+(@1))
                 	LDI  R27,HIGH(2*@0+(@1))
                 	LDI  R24,BYTE3(2*@0+(@1))
                 	LDI  R25,BYTE4(2*@0+(@1))
                 	.ENDM
                 
                 	.MACRO __POINTBRM
                 	LDI  R@0,LOW(@1)
                 	.ENDM
                 
                 	.MACRO __POINTWRM
                 	LDI  R@0,LOW(@2)
                 	LDI  R@1,HIGH(@2)
                 	.ENDM
                 
                 	.MACRO __POINTBRMN
                 	LDI  R@0,LOW(@1+(@2))
                 	.ENDM
                 
                 	.MACRO __POINTWRMN
                 	LDI  R@0,LOW(@2+(@3))
                 	LDI  R@1,HIGH(@2+(@3))
                 	.ENDM
                 
                 	.MACRO __POINTWRFN
                 	LDI  R@0,LOW(@2*2+(@3))
                 	LDI  R@1,HIGH(@2*2+(@3))
                 	.ENDM
                 
                 	.MACRO __GETD1N
                 	LDI  R30,LOW(@0)
                 	LDI  R31,HIGH(@0)
                 	LDI  R22,BYTE3(@0)
                 	LDI  R23,BYTE4(@0)
                 	.ENDM
                 
                 	.MACRO __GETD2N
                 	LDI  R26,LOW(@0)
                 	LDI  R27,HIGH(@0)
                 	LDI  R24,BYTE3(@0)
                 	LDI  R25,BYTE4(@0)
                 	.ENDM
                 
                 	.MACRO __GETB1MN
                 	LDS  R30,@0+(@1)
                 	.ENDM
                 
                 	.MACRO __GETB1HMN
                 	LDS  R31,@0+(@1)
                 	.ENDM
                 
                 	.MACRO __GETW1MN
                 	LDS  R30,@0+(@1)
                 	LDS  R31,@0+(@1)+1
                 	.ENDM
                 
                 	.MACRO __GETD1MN
                 	LDS  R30,@0+(@1)
                 	LDS  R31,@0+(@1)+1
                 	LDS  R22,@0+(@1)+2
                 	LDS  R23,@0+(@1)+3
                 	.ENDM
                 
                 	.MACRO __GETBRMN
                 	LDS  R@0,@1+(@2)
                 	.ENDM
                 
                 	.MACRO __GETWRMN
                 	LDS  R@0,@2+(@3)
                 	LDS  R@1,@2+(@3)+1
                 	.ENDM
                 
                 	.MACRO __GETWRZ
                 	LDD  R@0,Z+@2
                 	LDD  R@1,Z+@2+1
                 	.ENDM
                 
                 	.MACRO __GETD2Z
                 	LDD  R26,Z+@0
                 	LDD  R27,Z+@0+1
                 	LDD  R24,Z+@0+2
                 	LDD  R25,Z+@0+3
                 	.ENDM
                 
                 	.MACRO __GETB2MN
                 	LDS  R26,@0+(@1)
                 	.ENDM
                 
                 	.MACRO __GETW2MN
                 	LDS  R26,@0+(@1)
                 	LDS  R27,@0+(@1)+1
                 	.ENDM
                 
                 	.MACRO __GETD2MN
                 	LDS  R26,@0+(@1)
                 	LDS  R27,@0+(@1)+1
                 	LDS  R24,@0+(@1)+2
                 	LDS  R25,@0+(@1)+3
                 	.ENDM
                 
                 	.MACRO __PUTB1MN
                 	STS  @0+(@1),R30
                 	.ENDM
                 
                 	.MACRO __PUTW1MN
                 	STS  @0+(@1),R30
                 	STS  @0+(@1)+1,R31
                 	.ENDM
                 
                 	.MACRO __PUTD1MN
                 	STS  @0+(@1),R30
                 	STS  @0+(@1)+1,R31
                 	STS  @0+(@1)+2,R22
                 	STS  @0+(@1)+3,R23
                 	.ENDM
                 
                 	.MACRO __PUTB1EN
                 	LDI  R26,LOW(@0+(@1))
                 	LDI  R27,HIGH(@0+(@1))
                 	RCALL __EEPROMWRB
                 	.ENDM
                 
                 	.MACRO __PUTW1EN
                 	LDI  R26,LOW(@0+(@1))
                 	LDI  R27,HIGH(@0+(@1))
                 	RCALL __EEPROMWRW
                 	.ENDM
                 
                 	.MACRO __PUTD1EN
                 	LDI  R26,LOW(@0+(@1))
                 	LDI  R27,HIGH(@0+(@1))
                 	RCALL __EEPROMWRD
                 	.ENDM
                 
                 	.MACRO __PUTBR0MN
                 	STS  @0+(@1),R0
                 	.ENDM
                 
                 	.MACRO __PUTBMRN
                 	STS  @0+(@1),R@2
                 	.ENDM
                 
                 	.MACRO __PUTWMRN
                 	STS  @0+(@1),R@2
                 	STS  @0+(@1)+1,R@3
                 	.ENDM
                 
                 	.MACRO __PUTBZR
                 	STD  Z+@1,R@0
                 	.ENDM
                 
                 	.MACRO __PUTWZR
                 	STD  Z+@2,R@0
                 	STD  Z+@2+1,R@1
                 	.ENDM
                 
                 	.MACRO __GETW1R
                 	MOV  R30,R@0
                 	MOV  R31,R@1
                 	.ENDM
                 
                 	.MACRO __GETW2R
                 	MOV  R26,R@0
                 	MOV  R27,R@1
                 	.ENDM
                 
                 	.MACRO __GETWRN
                 	LDI  R@0,LOW(@2)
                 	LDI  R@1,HIGH(@2)
                 	.ENDM
                 
                 	.MACRO __PUTW1R
                 	MOV  R@0,R30
                 	MOV  R@1,R31
                 	.ENDM
                 
                 	.MACRO __PUTW2R
                 	MOV  R@0,R26
                 	MOV  R@1,R27
                 	.ENDM
                 
                 	.MACRO __ADDWRN
                 	SUBI R@0,LOW(-@2)
                 	SBCI R@1,HIGH(-@2)
                 	.ENDM
                 
                 	.MACRO __ADDWRR
                 	ADD  R@0,R@2
                 	ADC  R@1,R@3
                 	.ENDM
                 
                 	.MACRO __SUBWRN
                 	SUBI R@0,LOW(@2)
                 	SBCI R@1,HIGH(@2)
                 	.ENDM
                 
                 	.MACRO __SUBWRR
                 	SUB  R@0,R@2
                 	SBC  R@1,R@3
                 	.ENDM
                 
                 	.MACRO __ANDWRN
                 	ANDI R@0,LOW(@2)
                 	ANDI R@1,HIGH(@2)
                 	.ENDM
                 
                 	.MACRO __ANDWRR
                 	AND  R@0,R@2
                 	AND  R@1,R@3
                 	.ENDM
                 
                 	.MACRO __ORWRN
                 	ORI  R@0,LOW(@2)
                 	ORI  R@1,HIGH(@2)
                 	.ENDM
                 
                 	.MACRO __ORWRR
                 	OR   R@0,R@2
                 	OR   R@1,R@3
                 	.ENDM
                 
                 	.MACRO __EORWRR
                 	EOR  R@0,R@2
                 	EOR  R@1,R@3
                 	.ENDM
                 
                 	.MACRO __GETWRS
                 	LDD  R@0,Y+@2
                 	LDD  R@1,Y+@2+1
                 	.ENDM
                 
                 	.MACRO __PUTBSR
                 	STD  Y+@1,R@0
                 	.ENDM
                 
                 	.MACRO __PUTWSR
                 	STD  Y+@2,R@0
                 	STD  Y+@2+1,R@1
                 	.ENDM
                 
                 	.MACRO __MOVEWRR
                 	MOV  R@0,R@2
                 	MOV  R@1,R@3
                 	.ENDM
                 
                 	.MACRO __INWR
                 	IN   R@0,@2
                 	IN   R@1,@2+1
                 	.ENDM
                 
                 	.MACRO __OUTWR
                 	OUT  @2+1,R@1
                 	OUT  @2,R@0
                 	.ENDM
                 
                 	.MACRO __CALL1MN
                 	LDS  R30,@0+(@1)
                 	LDS  R31,@0+(@1)+1
                 	ICALL
                 	.ENDM
                 
                 	.MACRO __CALL1FN
                 	LDI  R30,LOW(2*@0+(@1))
                 	LDI  R31,HIGH(2*@0+(@1))
                 	RCALL __GETW1PF
                 	ICALL
                 	.ENDM
                 
                 	.MACRO __CALL2EN
                 	PUSH R26
                 	PUSH R27
                 	LDI  R26,LOW(@0+(@1))
                 	LDI  R27,HIGH(@0+(@1))
                 	RCALL __EEPROMRDW
                 	POP  R27
                 	POP  R26
                 	ICALL
                 	.ENDM
                 
                 	.MACRO __CALL2EX
                 	SUBI R26,LOW(-@0)
                 	SBCI R27,HIGH(-@0)
                 	RCALL __EEPROMRDD
                 	ICALL
                 	.ENDM
                 
                 	.MACRO __GETW1STACK
                 	IN   R30,SPL
                 	IN   R31,SPH
                 	ADIW R30,@0+1
                 	LD   R0,Z+
                 	LD   R31,Z
                 	MOV  R30,R0
                 	.ENDM
                 
                 	.MACRO __GETD1STACK
                 	IN   R30,SPL
                 	IN   R31,SPH
                 	ADIW R30,@0+1
                 	LD   R0,Z+
                 	LD   R1,Z+
                 	LD   R22,Z
                 	MOVW R30,R0
                 	.ENDM
                 
                 	.MACRO __NBST
                 	BST  R@0,@1
                 	IN   R30,SREG
                 	LDI  R31,0x40
                 	EOR  R30,R31
                 	OUT  SREG,R30
                 	.ENDM
                 
                 
                 	.MACRO __PUTB1SN
                 	LDD  R26,Y+@0
                 	LDD  R27,Y+@0+1
                 	SUBI R26,LOW(-@1)
                 	SBCI R27,HIGH(-@1)
                 	ST   X,R30
                 	.ENDM
                 
                 	.MACRO __PUTW1SN
                 	LDD  R26,Y+@0
                 	LDD  R27,Y+@0+1
                 	SUBI R26,LOW(-@1)
                 	SBCI R27,HIGH(-@1)
                 	ST   X+,R30
                 	ST   X,R31
                 	.ENDM
                 
                 	.MACRO __PUTD1SN
                 	LDD  R26,Y+@0
                 	LDD  R27,Y+@0+1
                 	SUBI R26,LOW(-@1)
                 	SBCI R27,HIGH(-@1)
                 	RCALL __PUTDP1
                 	.ENDM
                 
                 	.MACRO __PUTB1SNS
                 	LDD  R26,Y+@0
                 	LDD  R27,Y+@0+1
                 	ADIW R26,@1
                 	ST   X,R30
                 	.ENDM
                 
                 	.MACRO __PUTW1SNS
                 	LDD  R26,Y+@0
                 	LDD  R27,Y+@0+1
                 	ADIW R26,@1
                 	ST   X+,R30
                 	ST   X,R31
                 	.ENDM
                 
                 	.MACRO __PUTD1SNS
                 	LDD  R26,Y+@0
                 	LDD  R27,Y+@0+1
                 	ADIW R26,@1
                 	RCALL __PUTDP1
                 	.ENDM
                 
                 	.MACRO __PUTB1PMN
                 	LDS  R26,@0
                 	LDS  R27,@0+1
                 	SUBI R26,LOW(-@1)
                 	SBCI R27,HIGH(-@1)
                 	ST   X,R30
                 	.ENDM
                 
                 	.MACRO __PUTW1PMN
                 	LDS  R26,@0
                 	LDS  R27,@0+1
                 	SUBI R26,LOW(-@1)
                 	SBCI R27,HIGH(-@1)
                 	ST   X+,R30
                 	ST   X,R31
                 	.ENDM
                 
                 	.MACRO __PUTD1PMN
                 	LDS  R26,@0
                 	LDS  R27,@0+1
                 	SUBI R26,LOW(-@1)
                 	SBCI R27,HIGH(-@1)
                 	RCALL __PUTDP1
                 	.ENDM
                 
                 	.MACRO __PUTB1PMNS
                 	LDS  R26,@0
                 	LDS  R27,@0+1
                 	ADIW R26,@1
                 	ST   X,R30
                 	.ENDM
                 
                 	.MACRO __PUTW1PMNS
                 	LDS  R26,@0
                 	LDS  R27,@0+1
                 	ADIW R26,@1
                 	ST   X+,R30
                 	ST   X,R31
                 	.ENDM
                 
                 	.MACRO __PUTD1PMNS
                 	LDS  R26,@0
                 	LDS  R27,@0+1
                 	ADIW R26,@1
                 	RCALL __PUTDP1
                 	.ENDM
                 
                 	.MACRO __PUTB1RN
                 	MOVW R26,R@0
                 	SUBI R26,LOW(-@1)
                 	SBCI R27,HIGH(-@1)
                 	ST   X,R30
                 	.ENDM
                 
                 	.MACRO __PUTW1RN
                 	MOVW R26,R@0
                 	SUBI R26,LOW(-@1)
                 	SBCI R27,HIGH(-@1)
                 	ST   X+,R30
                 	ST   X,R31
                 	.ENDM
                 
                 	.MACRO __PUTD1RN
                 	MOVW R26,R@0
                 	SUBI R26,LOW(-@1)
                 	SBCI R27,HIGH(-@1)
                 	RCALL __PUTDP1
                 	.ENDM
                 
                 	.MACRO __PUTB1RNS
                 	MOVW R26,R@0
                 	ADIW R26,@1
                 	ST   X,R30
                 	.ENDM
                 
                 	.MACRO __PUTW1RNS
                 	MOVW R26,R@0
                 	ADIW R26,@1
                 	ST   X+,R30
                 	ST   X,R31
                 	.ENDM
                 
                 	.MACRO __PUTD1RNS
                 	MOVW R26,R@0
                 	ADIW R26,@1
                 	RCALL __PUTDP1
                 	.ENDM
                 
                 	.MACRO __PUTB1RON
                 	MOV  R26,R@0
                 	MOV  R27,R@1
                 	SUBI R26,LOW(-@2)
                 	SBCI R27,HIGH(-@2)
                 	ST   X,R30
                 	.ENDM
                 
                 	.MACRO __PUTW1RON
                 	MOV  R26,R@0
                 	MOV  R27,R@1
                 	SUBI R26,LOW(-@2)
                 	SBCI R27,HIGH(-@2)
                 	ST   X+,R30
                 	ST   X,R31
                 	.ENDM
                 
                 	.MACRO __PUTD1RON
                 	MOV  R26,R@0
                 	MOV  R27,R@1
                 	SUBI R26,LOW(-@2)
                 	SBCI R27,HIGH(-@2)
                 	RCALL __PUTDP1
                 	.ENDM
                 
                 	.MACRO __PUTB1RONS
                 	MOV  R26,R@0
                 	MOV  R27,R@1
                 	ADIW R26,@2
                 	ST   X,R30
                 	.ENDM
                 
                 	.MACRO __PUTW1RONS
                 	MOV  R26,R@0
                 	MOV  R27,R@1
                 	ADIW R26,@2
                 	ST   X+,R30
                 	ST   X,R31
                 	.ENDM
                 
                 	.MACRO __PUTD1RONS
                 	MOV  R26,R@0
                 	MOV  R27,R@1
                 	ADIW R26,@2
                 	RCALL __PUTDP1
                 	.ENDM
                 
                 
                 	.MACRO __GETB1SX
                 	MOVW R30,R28
                 	SUBI R30,LOW(-@0)
                 	SBCI R31,HIGH(-@0)
                 	LD   R30,Z
                 	.ENDM
                 
                 	.MACRO __GETB1HSX
                 	MOVW R30,R28
                 	SUBI R30,LOW(-@0)
                 	SBCI R31,HIGH(-@0)
                 	LD   R31,Z
                 	.ENDM
                 
                 	.MACRO __GETW1SX
                 	MOVW R30,R28
                 	SUBI R30,LOW(-@0)
                 	SBCI R31,HIGH(-@0)
                 	LD   R0,Z+
                 	LD   R31,Z
                 	MOV  R30,R0
                 	.ENDM
                 
                 	.MACRO __GETD1SX
                 	MOVW R30,R28
                 	SUBI R30,LOW(-@0)
                 	SBCI R31,HIGH(-@0)
                 	LD   R0,Z+
                 	LD   R1,Z+
                 	LD   R22,Z+
                 	LD   R23,Z
                 	MOVW R30,R0
                 	.ENDM
                 
                 	.MACRO __GETB2SX
                 	MOVW R26,R28
                 	SUBI R26,LOW(-@0)
                 	SBCI R27,HIGH(-@0)
                 	LD   R26,X
                 	.ENDM
                 
                 	.MACRO __GETW2SX
                 	MOVW R26,R28
                 	SUBI R26,LOW(-@0)
                 	SBCI R27,HIGH(-@0)
                 	LD   R0,X+
                 	LD   R27,X
                 	MOV  R26,R0
                 	.ENDM
                 
                 	.MACRO __GETD2SX
                 	MOVW R26,R28
                 	SUBI R26,LOW(-@0)
                 	SBCI R27,HIGH(-@0)
                 	LD   R0,X+
                 	LD   R1,X+
                 	LD   R24,X+
                 	LD   R25,X
                 	MOVW R26,R0
                 	.ENDM
                 
                 	.MACRO __GETBRSX
                 	MOVW R30,R28
                 	SUBI R30,LOW(-@1)
                 	SBCI R31,HIGH(-@1)
                 	LD   R@0,Z
                 	.ENDM
                 
                 	.MACRO __GETWRSX
                 	MOVW R30,R28
                 	SUBI R30,LOW(-@2)
                 	SBCI R31,HIGH(-@2)
                 	LD   R@0,Z+
                 	LD   R@1,Z
                 	.ENDM
                 
                 	.MACRO __GETBRSX2
                 	MOVW R26,R28
                 	SUBI R26,LOW(-@1)
                 	SBCI R27,HIGH(-@1)
                 	LD   R@0,X
                 	.ENDM
                 
                 	.MACRO __GETWRSX2
                 	MOVW R26,R28
                 	SUBI R26,LOW(-@2)
                 	SBCI R27,HIGH(-@2)
                 	LD   R@0,X+
                 	LD   R@1,X
                 	.ENDM
                 
                 	.MACRO __LSLW8SX
                 	MOVW R30,R28
                 	SUBI R30,LOW(-@0)
                 	SBCI R31,HIGH(-@0)
                 	LD   R31,Z
                 	CLR  R30
                 	.ENDM
                 
                 	.MACRO __PUTB1SX
                 	MOVW R26,R28
                 	SUBI R26,LOW(-@0)
                 	SBCI R27,HIGH(-@0)
                 	ST   X,R30
                 	.ENDM
                 
                 	.MACRO __PUTW1SX
                 	MOVW R26,R28
                 	SUBI R26,LOW(-@0)
                 	SBCI R27,HIGH(-@0)
                 	ST   X+,R30
                 	ST   X,R31
                 	.ENDM
                 
                 	.MACRO __PUTD1SX
                 	MOVW R26,R28
                 	SUBI R26,LOW(-@0)
                 	SBCI R27,HIGH(-@0)
                 	ST   X+,R30
                 	ST   X+,R31
                 	ST   X+,R22
                 	ST   X,R23
                 	.ENDM
                 
                 	.MACRO __CLRW1SX
                 	MOVW R26,R28
                 	SUBI R26,LOW(-@0)
                 	SBCI R27,HIGH(-@0)
                 	ST   X+,R30
                 	ST   X,R30
                 	.ENDM
                 
                 	.MACRO __CLRD1SX
                 	MOVW R26,R28
                 	SUBI R26,LOW(-@0)
                 	SBCI R27,HIGH(-@0)
                 	ST   X+,R30
                 	ST   X+,R30
                 	ST   X+,R30
                 	ST   X,R30
                 	.ENDM
                 
                 	.MACRO __PUTB2SX
                 	MOVW R30,R28
                 	SUBI R30,LOW(-@0)
                 	SBCI R31,HIGH(-@0)
                 	ST   Z,R26
                 	.ENDM
                 
                 	.MACRO __PUTW2SX
                 	MOVW R30,R28
                 	SUBI R30,LOW(-@0)
                 	SBCI R31,HIGH(-@0)
                 	ST   Z+,R26
                 	ST   Z,R27
                 	.ENDM
                 
                 	.MACRO __PUTD2SX
                 	MOVW R30,R28
                 	SUBI R30,LOW(-@0)
                 	SBCI R31,HIGH(-@0)
                 	ST   Z+,R26
                 	ST   Z+,R27
                 	ST   Z+,R24
                 	ST   Z,R25
                 	.ENDM
                 
                 	.MACRO __PUTBSRX
                 	MOVW R30,R28
                 	SUBI R30,LOW(-@1)
                 	SBCI R31,HIGH(-@1)
                 	ST   Z,R@0
                 	.ENDM
                 
                 	.MACRO __PUTWSRX
                 	MOVW R30,R28
                 	SUBI R30,LOW(-@2)
                 	SBCI R31,HIGH(-@2)
                 	ST   Z+,R@0
                 	ST   Z,R@1
                 	.ENDM
                 
                 	.MACRO __PUTB1SNX
                 	MOVW R26,R28
                 	SUBI R26,LOW(-@0)
                 	SBCI R27,HIGH(-@0)
                 	LD   R0,X+
                 	LD   R27,X
                 	MOV  R26,R0
                 	SUBI R26,LOW(-@1)
                 	SBCI R27,HIGH(-@1)
                 	ST   X,R30
                 	.ENDM
                 
                 	.MACRO __PUTW1SNX
                 	MOVW R26,R28
                 	SUBI R26,LOW(-@0)
                 	SBCI R27,HIGH(-@0)
                 	LD   R0,X+
                 	LD   R27,X
                 	MOV  R26,R0
                 	SUBI R26,LOW(-@1)
                 	SBCI R27,HIGH(-@1)
                 	ST   X+,R30
                 	ST   X,R31
                 	.ENDM
                 
                 	.MACRO __PUTD1SNX
                 	MOVW R26,R28
                 	SUBI R26,LOW(-@0)
                 	SBCI R27,HIGH(-@0)
                 	LD   R0,X+
                 	LD   R27,X
                 	MOV  R26,R0
                 	SUBI R26,LOW(-@1)
                 	SBCI R27,HIGH(-@1)
                 	ST   X+,R30
                 	ST   X+,R31
                 	ST   X+,R22
                 	ST   X,R23
                 	.ENDM
                 
                 	.MACRO __MULBRR
                 	MULS R@0,R@1
                 	MOVW R30,R0
                 	.ENDM
                 
                 	.MACRO __MULBRRU
                 	MUL  R@0,R@1
                 	MOVW R30,R0
                 	.ENDM
                 
                 	.MACRO __MULBRR0
                 	MULS R@0,R@1
                 	.ENDM
                 
                 	.MACRO __MULBRRU0
                 	MUL  R@0,R@1
                 	.ENDM
                 
                 	.MACRO __MULBNWRU
                 	LDI  R26,@2
                 	MUL  R26,R@0
                 	MOVW R30,R0
                 	MUL  R26,R@1
                 	ADD  R31,R0
                 	.ENDM
                 
                 ;NAME DEFINITIONS FOR GLOBAL VARIABLES ALLOCATED TO REGISTERS
                 	.DEF _b=R4
                 	.DEF _b_msb=R5
                 	.DEF _scale_int=R6
                 	.DEF _scale_int_msb=R7
                 
                 	.CSEG
                 	.ORG 0x00
                 
                 ;START OF CODE MARKER
                 __START_OF_CODE:
                 
                 ;INTERRUPT VECTORS
000000 c025      	RJMP __RESET
000001 cffe      	RJMP 0x00
000002 cffd      	RJMP 0x00
000003 cffc      	RJMP 0x00
000004 cffb      	RJMP 0x00
000005 cffa      	RJMP 0x00
000006 cff9      	RJMP 0x00
000007 cff8      	RJMP 0x00
000008 cff7      	RJMP 0x00
000009 cff6      	RJMP 0x00
00000a cff5      	RJMP 0x00
00000b cff4      	RJMP 0x00
00000c cff3      	RJMP 0x00
00000d cff2      	RJMP 0x00
00000e cff1      	RJMP 0x00
00000f cff0      	RJMP 0x00
000010 cfef      	RJMP 0x00
000011 cfee      	RJMP 0x00
000012 cfed      	RJMP 0x00
                 
                 ;GLOBAL REGISTER VARIABLES INITIALIZATION
                 __REG_VARS:
000013 0000
000014 0000      	.DB  0x0,0x0,0x0,0x0
                 
                 _0x3:
000015 00c0
000016 00f9
000017 00a4
000018 00b0      	.DB  0xC0,0x0,0xF9,0x0,0xA4,0x0,0xB0,0x0
000019 0099
00001a 0092
00001b 0082
00001c 00f8      	.DB  0x99,0x0,0x92,0x0,0x82,0x0,0xF8,0x0
00001d 0080
G:\Arduino\MY_Kitchen_Scale\Debug\List\main.asm(1125): warning: .cseg .db misalignment - padding zero byte
00001e 0090      	.DB  0x80,0x0,0x90
                 
                 __GLOBAL_INI_TBL:
00001f 0004      	.DW  0x04
000020 0004      	.DW  0x04
000021 0026      	.DW  __REG_VARS*2
                 
000022 0013      	.DW  0x13
000023 0214      	.DW  _segment
000024 002a      	.DW  _0x3*2
                 
                 _0xFFFFFFFF:
000025 0000      	.DW  0
                 
                 #define __GLOBAL_INI_TBL_PRESENT 1
                 
                 __RESET:
000026 94f8      	CLI
000027 27ee      	CLR  R30
000028 bbec      	OUT  EECR,R30
                 
                 ;INTERRUPT VECTORS ARE PLACED
                 ;AT THE START OF FLASH
000029 e0f1      	LDI  R31,1
00002a bffb      	OUT  GICR,R31
00002b bfeb      	OUT  GICR,R30
00002c bfe5      	OUT  MCUCR,R30
                 
                 ;CLEAR R2-R14
00002d e08d      	LDI  R24,(14-2)+1
00002e e0a2      	LDI  R26,2
00002f 27bb      	CLR  R27
                 __CLEAR_REG:
000030 93ed      	ST   X+,R30
000031 958a      	DEC  R24
000032 f7e9      	BRNE __CLEAR_REG
                 
                 ;CLEAR SRAM
000033 e080      	LDI  R24,LOW(__CLEAR_SRAM_SIZE)
000034 e094      	LDI  R25,HIGH(__CLEAR_SRAM_SIZE)
000035 e6a0      	LDI  R26,__SRAM_START
                 __CLEAR_SRAM:
000036 93ed      	ST   X+,R30
000037 9701      	SBIW R24,1
000038 f7e9      	BRNE __CLEAR_SRAM
                 
                 ;GLOBAL VARIABLES INITIALIZATION
000039 e3ee      	LDI  R30,LOW(__GLOBAL_INI_TBL*2)
00003a e0f0      	LDI  R31,HIGH(__GLOBAL_INI_TBL*2)
                 __GLOBAL_INI_NEXT:
00003b 9185      	LPM  R24,Z+
00003c 9195      	LPM  R25,Z+
00003d 9700      	SBIW R24,0
00003e f061      	BREQ __GLOBAL_INI_END
00003f 91a5      	LPM  R26,Z+
000040 91b5      	LPM  R27,Z+
000041 9005      	LPM  R0,Z+
000042 9015      	LPM  R1,Z+
000043 01bf      	MOVW R22,R30
000044 01f0      	MOVW R30,R0
                 __GLOBAL_INI_LOOP:
000045 9005      	LPM  R0,Z+
000046 920d      	ST   X+,R0
000047 9701      	SBIW R24,1
000048 f7e1      	BRNE __GLOBAL_INI_LOOP
000049 01fb      	MOVW R30,R22
00004a cff0      	RJMP __GLOBAL_INI_NEXT
                 __GLOBAL_INI_END:
                 
                 ;HARDWARE STACK POINTER INITIALIZATION
00004b e5ef      	LDI  R30,LOW(__SRAM_END-__HEAP_SIZE)
00004c bfed      	OUT  SPL,R30
00004d e0e4      	LDI  R30,HIGH(__SRAM_END-__HEAP_SIZE)
00004e bfee      	OUT  SPH,R30
                 
                 ;DATA STACK POINTER INITIALIZATION
00004f e6c0      	LDI  R28,LOW(__SRAM_START+__DSTACK_SIZE)
000050 e0d1      	LDI  R29,HIGH(__SRAM_START+__DSTACK_SIZE)
                 
000051 c000      	RJMP _main
                 
                 	.ESEG
                 	.ORG 0
                 
                 	.DSEG
                 	.ORG 0x160
                 
                 	.CSEG
                 ;/*******************************************************
                 ;This program was created by the
                 ;CodeWizardAVR V3.12 Advanced
                 ;Automatic Program Generator
                 ;© Copyright 1998-2014 Pavel Haiduc, HP InfoTech s.r.l.
                 ;http://www.hpinfotech.com
                 ;
                 ;Project :
                 ;Version :
                 ;Date    : 10/9/2020
                 ;Author  :
                 ;Company :
                 ;Comments:
                 ;
                 ;
                 ;Chip type               : ATmega8A
                 ;Program type            : Application
                 ;AVR Core Clock frequency: 1.000000 MHz
                 ;Memory model            : Small
                 ;External RAM size       : 0
                 ;Data Stack size         : 256
                 ;*******************************************************/
                 ;
                 ;#include <mega8.h>
                 	#ifndef __SLEEP_DEFINED__
                 	#define __SLEEP_DEFINED__
                 	.EQU __se_bit=0x80
                 	.EQU __sm_mask=0x70
                 	.EQU __sm_powerdown=0x20
                 	.EQU __sm_powersave=0x30
                 	.EQU __sm_standby=0x60
                 	.EQU __sm_ext_standby=0x70
                 	.EQU __sm_adc_noise_red=0x10
                 	.SET power_ctrl_reg=mcucr
                 	#endif
                 ;#include <delay.h>
                 ;// Declare your global variables here
                 ;#define HX711_DOUT    PINC.5
                 ;#define HX711_SCK     PORTC.4
                 ;#define tare          PINC.3
                 ;#define digit1        PORTB.0
                 ;#define digit2        PORTB.1
                 ;#define digit3        PORTB.6
                 ;#define digit4        PORTB.7
                 ;#define HX_COMPLEMENT 0x800000
                 ;#define HX_REF        0.360598//360.91549
                 ;unsigned long HX711_Read(void);
                 ;void get_scale(void);
                 ;void get_offset(void);
                 ;void sort_array(float b[], int size);
                 ;long Weight_Shiwu = 0,Weight_Maopi =0;
                 ;long HX711_Buffer = 0;
                 ;float scale = 0;
                 ;float array[41];
                 ;int b=0;
                 ;int scale_int = 0;
                 ;int segment[10] = {0b11000000,0b11111001,0b10100100,0b10110000,0b10011001,0b10010010,0b10000010,0b11111000,0b10000000,0b ...
                 
                 	.DSEG
                 ;void main(void)
                 ; 0000 0030 {
                 
                 	.CSEG
                 _main:
                 ; .FSTART _main
                 ; 0000 0031 // Declare your local variables here
                 ; 0000 0032 int i;
                 ; 0000 0033 // Input/Output Ports initialization
                 ; 0000 0034 // Port B initialization
                 ; 0000 0035 // Function: Bit7=Out Bit6=Out Bit5=In Bit4=In Bit3=In Bit2=In Bit1=Out Bit0=Out
                 ; 0000 0036 DDRB=(1<<DDB7) | (1<<DDB6) | (0<<DDB5) | (0<<DDB4) | (0<<DDB3) | (0<<DDB2) | (1<<DDB1) | (1<<DDB0);
                 ;	i -> R16,R17
000052 ece3      	LDI  R30,LOW(195)
000053 bbe7      	OUT  0x17,R30
                 ; 0000 0037 // State: Bit7=0 Bit6=0 Bit5=T Bit4=T Bit3=T Bit2=T Bit1=0 Bit0=0
                 ; 0000 0038 PORTB=(0<<PORTB7) | (0<<PORTB6) | (0<<PORTB5) | (0<<PORTB4) | (0<<PORTB3) | (0<<PORTB2) | (0<<PORTB1) | (0<<PORTB0);
000054 e0e0      	LDI  R30,LOW(0)
000055 bbe8      	OUT  0x18,R30
                 ; 0000 0039 
                 ; 0000 003A // Port C initialization
                 ; 0000 003B // Function: Bit6=In Bit5=Out Bit4=Out Bit3=In Bit2=In Bit1=In Bit0=In
                 ; 0000 003C DDRC=(0<<DDC6) | (0<<DDC5) | (1<<DDC4) | (0<<DDC3) | (0<<DDC2) | (0<<DDC1) | (0<<DDC0);
000056 e1e0      	LDI  R30,LOW(16)
000057 bbe4      	OUT  0x14,R30
                 ; 0000 003D // State: Bit6=T Bit5=0 Bit4=0 Bit3=P Bit2=T Bit1=T Bit0=T
                 ; 0000 003E PORTC=(0<<PORTC6) | (0<<PORTC5) | (0<<PORTC4) | (1<<PORTC3) | (0<<PORTC2) | (0<<PORTC1) | (0<<PORTC0);
000058 e0e8      	LDI  R30,LOW(8)
000059 bbe5      	OUT  0x15,R30
                 ; 0000 003F 
                 ; 0000 0040 // Port D initialization
                 ; 0000 0041 // Function: Bit7=Out Bit6=Out Bit5=Out Bit4=Out Bit3=Out Bit2=Out Bit1=Out Bit0=Out
                 ; 0000 0042 DDRD=(1<<DDD7) | (1<<DDD6) | (1<<DDD5) | (1<<DDD4) | (1<<DDD3) | (1<<DDD2) | (1<<DDD1) | (1<<DDD0);
00005a efef      	LDI  R30,LOW(255)
00005b bbe1      	OUT  0x11,R30
                 ; 0000 0043 // State: Bit7=0 Bit6=0 Bit5=0 Bit4=0 Bit3=0 Bit2=0 Bit1=0 Bit0=0
                 ; 0000 0044 PORTD=(1<<PORTD7) | (1<<PORTD6) | (1<<PORTD5) | (1<<PORTD4) | (1<<PORTD3) | (1<<PORTD2) | (1<<PORTD1) | (1<<PORTD0);
00005c bbe2      	OUT  0x12,R30
                 ; 0000 0045 
                 ; 0000 0046 // Timer/Counter 0 initialization
                 ; 0000 0047 // Clock source: System Clock
                 ; 0000 0048 // Clock value: Timer 0 Stopped
                 ; 0000 0049 TCCR0=(0<<CS02) | (0<<CS01) | (0<<CS00);
00005d e0e0      	LDI  R30,LOW(0)
00005e bfe3      	OUT  0x33,R30
                 ; 0000 004A TCNT0=0x00;
00005f bfe2      	OUT  0x32,R30
                 ; 0000 004B 
                 ; 0000 004C // Timer/Counter 1 initialization
                 ; 0000 004D // Clock source: System Clock
                 ; 0000 004E // Clock value: Timer1 Stopped
                 ; 0000 004F // Mode: Normal top=0xFFFF
                 ; 0000 0050 // OC1A output: Disconnected
                 ; 0000 0051 // OC1B output: Disconnected
                 ; 0000 0052 // Noise Canceler: Off
                 ; 0000 0053 // Input Capture on Falling Edge
                 ; 0000 0054 // Timer1 Overflow Interrupt: Off
                 ; 0000 0055 // Input Capture Interrupt: Off
                 ; 0000 0056 // Compare A Match Interrupt: Off
                 ; 0000 0057 // Compare B Match Interrupt: Off
                 ; 0000 0058 TCCR1A=(0<<COM1A1) | (0<<COM1A0) | (0<<COM1B1) | (0<<COM1B0) | (0<<WGM11) | (0<<WGM10);
000060 bdef      	OUT  0x2F,R30
                 ; 0000 0059 TCCR1B=(0<<ICNC1) | (0<<ICES1) | (0<<WGM13) | (0<<WGM12) | (0<<CS12) | (0<<CS11) | (0<<CS10);
000061 bdee      	OUT  0x2E,R30
                 ; 0000 005A TCNT1H=0x00;
000062 bded      	OUT  0x2D,R30
                 ; 0000 005B TCNT1L=0x00;
000063 bdec      	OUT  0x2C,R30
                 ; 0000 005C ICR1H=0x00;
000064 bde7      	OUT  0x27,R30
                 ; 0000 005D ICR1L=0x00;
000065 bde6      	OUT  0x26,R30
                 ; 0000 005E OCR1AH=0x00;
000066 bdeb      	OUT  0x2B,R30
                 ; 0000 005F OCR1AL=0x00;
000067 bdea      	OUT  0x2A,R30
                 ; 0000 0060 OCR1BH=0x00;
000068 bde9      	OUT  0x29,R30
                 ; 0000 0061 OCR1BL=0x00;
000069 bde8      	OUT  0x28,R30
                 ; 0000 0062 
                 ; 0000 0063 // Timer/Counter 2 initialization
                 ; 0000 0064 // Clock source: System Clock
                 ; 0000 0065 // Clock value: Timer2 Stopped
                 ; 0000 0066 // Mode: Normal top=0xFF
                 ; 0000 0067 // OC2 output: Disconnected
                 ; 0000 0068 ASSR=0<<AS2;
00006a bde2      	OUT  0x22,R30
                 ; 0000 0069 TCCR2=(0<<PWM2) | (0<<COM21) | (0<<COM20) | (0<<CTC2) | (0<<CS22) | (0<<CS21) | (0<<CS20);
00006b bde5      	OUT  0x25,R30
                 ; 0000 006A TCNT2=0x00;
00006c bde4      	OUT  0x24,R30
                 ; 0000 006B OCR2=0x00;
00006d bde3      	OUT  0x23,R30
                 ; 0000 006C 
                 ; 0000 006D // Timer(s)/Counter(s) Interrupt(s) initialization
                 ; 0000 006E TIMSK=(0<<OCIE2) | (0<<TOIE2) | (0<<TICIE1) | (0<<OCIE1A) | (0<<OCIE1B) | (0<<TOIE1) | (0<<TOIE0);
00006e bfe9      	OUT  0x39,R30
                 ; 0000 006F 
                 ; 0000 0070 // External Interrupt(s) initialization
                 ; 0000 0071 // INT0: Off
                 ; 0000 0072 // INT1: Off
                 ; 0000 0073 MCUCR=(0<<ISC11) | (0<<ISC10) | (0<<ISC01) | (0<<ISC00);
00006f bfe5      	OUT  0x35,R30
                 ; 0000 0074 
                 ; 0000 0075 // USART initialization
                 ; 0000 0076 // USART disabled
                 ; 0000 0077 UCSRB=(0<<RXCIE) | (0<<TXCIE) | (0<<UDRIE) | (0<<RXEN) | (0<<TXEN) | (0<<UCSZ2) | (0<<RXB8) | (0<<TXB8);
000070 b9ea      	OUT  0xA,R30
                 ; 0000 0078 
                 ; 0000 0079 // Analog Comparator initialization
                 ; 0000 007A // Analog Comparator: Off
                 ; 0000 007B // The Analog Comparator's positive input is
                 ; 0000 007C // connected to the AIN0 pin
                 ; 0000 007D // The Analog Comparator's negative input is
                 ; 0000 007E // connected to the AIN1 pin
                 ; 0000 007F ACSR=(1<<ACD) | (0<<ACBG) | (0<<ACO) | (0<<ACI) | (0<<ACIE) | (0<<ACIC) | (0<<ACIS1) | (0<<ACIS0);
000071 e8e0      	LDI  R30,LOW(128)
000072 b9e8      	OUT  0x8,R30
                 ; 0000 0080 SFIOR=(0<<ACME);
000073 e0e0      	LDI  R30,LOW(0)
000074 bfe0      	OUT  0x30,R30
                 ; 0000 0081 
                 ; 0000 0082 // ADC initialization
                 ; 0000 0083 // ADC disabled
                 ; 0000 0084 ADCSRA=(0<<ADEN) | (0<<ADSC) | (0<<ADFR) | (0<<ADIF) | (0<<ADIE) | (0<<ADPS2) | (0<<ADPS1) | (0<<ADPS0);
000075 b9e6      	OUT  0x6,R30
                 ; 0000 0085 
                 ; 0000 0086 // SPI initialization
                 ; 0000 0087 // SPI disabled
                 ; 0000 0088 SPCR=(0<<SPIE) | (0<<SPE) | (0<<DORD) | (0<<MSTR) | (0<<CPOL) | (0<<CPHA) | (0<<SPR1) | (0<<SPR0);
000076 b9ed      	OUT  0xD,R30
                 ; 0000 0089 
                 ; 0000 008A // TWI initialization
                 ; 0000 008B // TWI disabled
                 ; 0000 008C TWCR=(0<<TWEA) | (0<<TWSTA) | (0<<TWSTO) | (0<<TWEN) | (0<<TWIE);
000077 bfe6      	OUT  0x36,R30
                 ; 0000 008D 
                 ; 0000 008E 
                 ; 0000 008F       for(i = 1;i<10;i++){
                +
000078 e001     +LDI R16 , LOW ( 1 )
000079 e010     +LDI R17 , HIGH ( 1 )
                 	__GETWRN 16,17,1
                 _0x5:
                +
00007a 300a     +CPI R16 , LOW ( 10 )
00007b e0e0     +LDI R30 , HIGH ( 10 )
00007c 071e     +CPC R17 , R30
                 	__CPWRN 16,17,10
00007d f474      	BRGE _0x6
                 ; 0000 0090       PORTD=segment[i] & 0b01111111;
00007e 01f8      	MOVW R30,R16
00007f d149      	RCALL SUBOPT_0x0
000080 77ef      	ANDI R30,0x7F
000081 bbe2      	OUT  0x12,R30
                 ; 0000 0091       digit1 = 1;
000082 9ac0      	SBI  0x18,0
                 ; 0000 0092       digit2 = 1;
000083 9ac1      	SBI  0x18,1
                 ; 0000 0093       digit3 = 1;
000084 9ac6      	SBI  0x18,6
                 ; 0000 0094       digit4 = 1;
000085 9ac7      	SBI  0x18,7
                 ; 0000 0095       delay_ms(500);
000086 efa4      	LDI  R26,LOW(500)
000087 e0b1      	LDI  R27,HIGH(500)
000088 d1b2      	RCALL _delay_ms
                 ; 0000 0096       }
                +
000089 5f0f     +SUBI R16 , LOW ( - 1 )
00008a 4f1f     +SBCI R17 , HIGH ( - 1 )
                 	__ADDWRN 16,17,1
00008b cfee      	RJMP _0x5
                 _0x6:
                 ; 0000 0097 
                 ; 0000 0098 get_offset();
00008c d0cb      	RCALL _get_offset
                 ; 0000 0099 
                 ; 0000 009A while (1)
                 _0xF:
                 ; 0000 009B       {
                 ; 0000 009C 
                 ; 0000 009D       int a = 0;
                 ; 0000 009E 
                 ; 0000 009F       if(tare == 0){
00008d 9722      	SBIW R28,2
00008e e0e0      	LDI  R30,LOW(0)
00008f 83e8      	ST   Y,R30
000090 83e9      	STD  Y+1,R30
                 ;	a -> Y+0
000091 999b      	SBIC 0x13,3
000092 c005      	RJMP _0x12
                 ; 0000 00A0       delay_ms(10);
000093 e0aa      	LDI  R26,LOW(10)
000094 d13c      	RCALL SUBOPT_0x1
                 ; 0000 00A1       while(tare == 0);
                 _0x13:
000095 9b9b      	SBIS 0x13,3
000096 cffe      	RJMP _0x13
                 ; 0000 00A2       get_offset();
000097 d0c0      	RCALL _get_offset
                 ; 0000 00A3       }
                 ; 0000 00A4       if(b>40) {sort_array(array,41);scale=array[20];if(scale < 0)scale=0;b=0;}
                 _0x12:
000098 e2e8      	LDI  R30,LOW(40)
000099 e0f0      	LDI  R31,HIGH(40)
00009a 15e4      	CP   R30,R4
00009b 05f5      	CPC  R31,R5
00009c f534      	BRGE _0x16
00009d e7e0      	LDI  R30,LOW(_array)
00009e e0f1      	LDI  R31,HIGH(_array)
00009f 93fa      	ST   -Y,R31
0000a0 93ea      	ST   -Y,R30
0000a1 e2a9      	LDI  R26,LOW(41)
0000a2 e0b0      	LDI  R27,0
0000a3 d0dd      	RCALL _sort_array
                +
0000a4 91e0 01c0+LDS R30 , _array + ( 80 )
0000a6 91f0 01c1+LDS R31 , _array + ( 80 ) + 1
0000a8 9160 01c2+LDS R22 , _array + ( 80 ) + 2
0000aa 9170 01c3+LDS R23 , _array + ( 80 ) + 3
                 	__GETD1MN _array,80
0000ac 93e0 016c 	STS  _scale,R30
0000ae 93f0 016d 	STS  _scale+1,R31
0000b0 9360 016e 	STS  _scale+2,R22
0000b2 9370 016f 	STS  _scale+3,R23
0000b4 91a0 016f 	LDS  R26,_scale+3
0000b6 23aa      	TST  R26
0000b7 f44a      	BRPL _0x17
0000b8 e0e0      	LDI  R30,LOW(0)
0000b9 93e0 016c 	STS  _scale,R30
0000bb 93e0 016d 	STS  _scale+1,R30
0000bd 93e0 016e 	STS  _scale+2,R30
0000bf 93e0 016f 	STS  _scale+3,R30
                 _0x17:
0000c1 2444      	CLR  R4
0000c2 2455      	CLR  R5
                 ; 0000 00A5       get_scale();
                 _0x16:
0000c3 d05e      	RCALL _get_scale
                 ; 0000 00A6       scale_int = (int)scale;
0000c4 91e0 016c 	LDS  R30,_scale
0000c6 91f0 016d 	LDS  R31,_scale+1
0000c8 9160 016e 	LDS  R22,_scale+2
0000ca 9170 016f 	LDS  R23,_scale+3
0000cc d1a7      	RCALL __CFD1
0000cd d105      	RCALL SUBOPT_0x2
                 ; 0000 00A7       a = scale_int % 10;
                 ; 0000 00A8       PORTD = segment[a];
0000ce bbe2      	OUT  0x12,R30
                 ; 0000 00A9       digit1 = 1;
0000cf 9ac0      	SBI  0x18,0
                 ; 0000 00AA       delay_ms(5);
0000d0 d10a      	RCALL SUBOPT_0x3
                 ; 0000 00AB       digit1 = 0;
0000d1 98c0      	CBI  0x18,0
                 ; 0000 00AC       delay_ms(1);
0000d2 d10a      	RCALL SUBOPT_0x4
                 ; 0000 00AD 
                 ; 0000 00AE       scale_int = scale_int / 10;
0000d3 d10b      	RCALL SUBOPT_0x5
                 ; 0000 00AF       a = scale_int % 10;
                 ; 0000 00B0       PORTD = segment[a] & 0b01111111 ;
0000d4 77ef      	ANDI R30,0x7F
0000d5 bbe2      	OUT  0x12,R30
                 ; 0000 00B1       digit2 = 1;
0000d6 9ac1      	SBI  0x18,1
                 ; 0000 00B2       delay_ms(5);
0000d7 d103      	RCALL SUBOPT_0x3
                 ; 0000 00B3       digit2 = 0;
0000d8 98c1      	CBI  0x18,1
                 ; 0000 00B4       delay_ms(1);
0000d9 d103      	RCALL SUBOPT_0x4
                 ; 0000 00B5 
                 ; 0000 00B6       scale_int = scale_int / 10;
0000da d104      	RCALL SUBOPT_0x5
                 ; 0000 00B7       a = scale_int % 10;
                 ; 0000 00B8       PORTD = segment[a];
0000db bbe2      	OUT  0x12,R30
                 ; 0000 00B9       digit3 = 1;
0000dc 9ac6      	SBI  0x18,6
                 ; 0000 00BA       delay_ms(5);
0000dd d0fd      	RCALL SUBOPT_0x3
                 ; 0000 00BB       digit3 = 0;
0000de 98c6      	CBI  0x18,6
                 ; 0000 00BC       delay_ms(1);
0000df d0fd      	RCALL SUBOPT_0x4
                 ; 0000 00BD 
                 ; 0000 00BE       scale_int = scale_int / 10;
0000e0 01d3      	MOVW R26,R6
0000e1 e0ea      	LDI  R30,LOW(10)
0000e2 e0f0      	LDI  R31,HIGH(10)
0000e3 d297      	RCALL __DIVW21
0000e4 013f      	MOVW R6,R30
                 ; 0000 00BF       a = scale_int;
                +
0000e5 8268     +STD Y + 0 , R6
0000e6 8279     +STD Y + 0 + 1 , R7
                 	__PUTWSR 6,7,0
                 ; 0000 00C0       PORTD = segment[a];
0000e7 81e8      	LD   R30,Y
0000e8 81f9      	LDD  R31,Y+1
0000e9 d0df      	RCALL SUBOPT_0x0
0000ea bbe2      	OUT  0x12,R30
                 ; 0000 00C1       digit4 = 1;
0000eb 9ac7      	SBI  0x18,7
                 ; 0000 00C2       delay_ms(5);
0000ec d0ee      	RCALL SUBOPT_0x3
                 ; 0000 00C3       digit4 = 0;
0000ed 98c7      	CBI  0x18,7
                 ; 0000 00C4       delay_ms(1);
0000ee d0ee      	RCALL SUBOPT_0x4
                 ; 0000 00C5 
                 ; 0000 00C6       //delay_ms(250);
                 ; 0000 00C7       b++;
0000ef 01f2      	MOVW R30,R4
0000f0 9631      	ADIW R30,1
0000f1 012f      	MOVW R4,R30
                 ; 0000 00C8 }
0000f2 9622      	ADIW R28,2
0000f3 cf99      	RJMP _0xF
                 ; 0000 00C9 }
                 _0x28:
0000f4 cfff      	RJMP _0x28
                 ; .FEND
                 ;unsigned long HX711_Read(void)
                 ; 0000 00CB {
                 _HX711_Read:
                 ; .FSTART _HX711_Read
                 ; 0000 00CC     unsigned long count;
                 ; 0000 00CD     unsigned char i;
                 ; 0000 00CE 
                 ; 0000 00CF       HX711_DOUT=1;
0000f5 9724      	SBIW R28,4
0000f6 931a      	ST   -Y,R17
                 ;	count -> Y+1
                 ;	i -> R17
0000f7 9a9d      	SBI  0x13,5
                 ; 0000 00D0       HX711_SCK=0;
0000f8 98ac      	CBI  0x15,4
                 ; 0000 00D1       count=0;
0000f9 e0e0      	LDI  R30,LOW(0)
                +
0000fa 83e9     +STD Y + 1 , R30
0000fb 83ea     +STD Y + 1 + 1 , R30
0000fc 83eb     +STD Y + 1 + 2 , R30
0000fd 83ec     +STD Y + 1 + 3 , R30
                 	__CLRD1S 1
                 ; 0000 00D2       while(HX711_DOUT);
                 _0x2D:
0000fe 999d      	SBIC 0x13,5
0000ff cffe      	RJMP _0x2D
                 ; 0000 00D3       for(i=0;i<24;i++)  //gain --> 128
000100 e010      	LDI  R17,LOW(0)
                 _0x31:
000101 3118      	CPI  R17,24
000102 f478      	BRSH _0x32
                 ; 0000 00D4         {
                 ; 0000 00D5             HX711_SCK=1;
000103 9aac      	SBI  0x15,4
                 ; 0000 00D6             count=count<<1;
000104 d0df      	RCALL SUBOPT_0x6
000105 d258      	RCALL __LSLD1
000106 d0e2      	RCALL SUBOPT_0x7
                 ; 0000 00D7             HX711_SCK=0;
000107 98ac      	CBI  0x15,4
                 ; 0000 00D8             if(HX711_DOUT)
000108 9b9d      	SBIS 0x13,5
000109 c006      	RJMP _0x37
                 ; 0000 00D9                 count++;
00010a d0d9      	RCALL SUBOPT_0x6
                +
00010b 5fef     +SUBI R30 , LOW ( - 1 )
00010c 4fff     +SBCI R31 , HIGH ( - 1 )
00010d 4f6f     +SBCI R22 , BYTE3 ( - 1 )
00010e 4f7f     +SBCI R23 , BYTE4 ( - 1 )
                 	__SUBD1N -1
00010f d0d9      	RCALL SUBOPT_0x7
                 ; 0000 00DA         }
                 _0x37:
000110 5f1f      	SUBI R17,-1
000111 cfef      	RJMP _0x31
                 _0x32:
                 ; 0000 00DB        HX711_SCK=1;
000112 9aac      	SBI  0x15,4
                 ; 0000 00DC       count=count ^ HX_COMPLEMENT;//2,s Complement
                +
000113 81a9     +LDD R26 , Y + 1
000114 81ba     +LDD R27 , Y + 1 + 1
000115 818b     +LDD R24 , Y + 1 + 2
000116 819c     +LDD R25 , Y + 1 + 3
                 	__GETD2S 1
                +
000117 e0e0     +LDI R30 , LOW ( 0x800000 )
000118 e0f0     +LDI R31 , HIGH ( 0x800000 )
000119 e860     +LDI R22 , BYTE3 ( 0x800000 )
00011a e070     +LDI R23 , BYTE4 ( 0x800000 )
                 	__GETD1N 0x800000
00011b d22c      	RCALL __XORD12
00011c d0cc      	RCALL SUBOPT_0x7
                 ; 0000 00DD       HX711_SCK=0;
00011d 98ac      	CBI  0x15,4
                 ; 0000 00DE       return(count);
00011e d0c5      	RCALL SUBOPT_0x6
00011f 8118      	LDD  R17,Y+0
000120 9625      	ADIW R28,5
000121 9508      	RET
                 ; 0000 00DF }//HX711_Read
                 ; .FEND
                 ;
                 ;void get_scale(void)
                 ; 0000 00E2 {
                 _get_scale:
                 ; .FSTART _get_scale
                 ; 0000 00E3     HX711_Buffer = 0;
000122 d0cb      	RCALL SUBOPT_0x8
                 ; 0000 00E4 
                 ; 0000 00E5     HX711_Buffer = HX711_Read();
000123 dfd1      	RCALL _HX711_Read
000124 d0d3      	RCALL SUBOPT_0x9
                 ; 0000 00E6     HX711_Buffer = HX711_Buffer/100;
000125 d0db      	RCALL SUBOPT_0xA
000126 d0e3      	RCALL SUBOPT_0xB
000127 d0d0      	RCALL SUBOPT_0x9
                 ; 0000 00E7     Weight_Shiwu = HX711_Buffer;
000128 91e0 0168 	LDS  R30,_HX711_Buffer
00012a 91f0 0169 	LDS  R31,_HX711_Buffer+1
00012c 9160 016a 	LDS  R22,_HX711_Buffer+2
00012e 9170 016b 	LDS  R23,_HX711_Buffer+3
000130 d0df      	RCALL SUBOPT_0xC
                 ; 0000 00E8     Weight_Shiwu = Weight_Shiwu - Weight_Maopi;
000131 91a0 0164 	LDS  R26,_Weight_Maopi
000133 91b0 0165 	LDS  R27,_Weight_Maopi+1
000135 9180 0166 	LDS  R24,_Weight_Maopi+2
000137 9190 0167 	LDS  R25,_Weight_Maopi+3
000139 d0df      	RCALL SUBOPT_0xD
00013a d208      	RCALL __SUBD12
00013b d0d4      	RCALL SUBOPT_0xC
                 ; 0000 00E9 
                 ; 0000 00EA     Weight_Shiwu = ((float)Weight_Shiwu/HX_REF);
00013c d0e5      	RCALL SUBOPT_0xE
                +
00013d e4ed     +LDI R30 , LOW ( 0x3EB8A04D )
00013e eaf0     +LDI R31 , HIGH ( 0x3EB8A04D )
00013f eb68     +LDI R22 , BYTE3 ( 0x3EB8A04D )
000140 e37e     +LDI R23 , BYTE4 ( 0x3EB8A04D )
                 	__GETD1N 0x3EB8A04D
000141 d197      	RCALL __DIVF21
000142 e6a0      	LDI  R26,LOW(_Weight_Shiwu)
000143 e0b1      	LDI  R27,HIGH(_Weight_Shiwu)
000144 d12f      	RCALL __CFD1
000145 d29d      	RCALL __PUTDP1
                 ; 0000 00EB 
                 ; 0000 00EC     array[b] = (float)Weight_Shiwu/3;  //weight in grams * 10
000146 01f2      	MOVW R30,R4
000147 e7a0      	LDI  R26,LOW(_array)
000148 e0b1      	LDI  R27,HIGH(_array)
000149 d20f      	RCALL __LSLW2
00014a 0fea      	ADD  R30,R26
00014b 1ffb      	ADC  R31,R27
00014c 93ff      	PUSH R31
00014d 93ef      	PUSH R30
00014e d0d3      	RCALL SUBOPT_0xE
                +
00014f e0e0     +LDI R30 , LOW ( 0x40400000 )
000150 e0f0     +LDI R31 , HIGH ( 0x40400000 )
000151 e460     +LDI R22 , BYTE3 ( 0x40400000 )
000152 e470     +LDI R23 , BYTE4 ( 0x40400000 )
                 	__GETD1N 0x40400000
000153 d185      	RCALL __DIVF21
000154 91af      	POP  R26
000155 91bf      	POP  R27
000156 d28c      	RCALL __PUTDP1
                 ; 0000 00ED }
000157 9508      	RET
                 ; .FEND
                 ;
                 ;void get_offset(void)
                 ; 0000 00F0 {
                 _get_offset:
                 ; .FSTART _get_offset
                 ; 0000 00F1     int i=0;
                 ; 0000 00F2 
                 ; 0000 00F3     HX711_Buffer = 0;
000158 d298      	RCALL __SAVELOCR2
                 ;	i -> R16,R17
                +
000159 e000     +LDI R16 , LOW ( 0 )
00015a e010     +LDI R17 , HIGH ( 0 )
                 	__GETWRN 16,17,0
00015b d092      	RCALL SUBOPT_0x8
                 ; 0000 00F4 
                 ; 0000 00F5    	for( i = 0 ; i < 10 ; i++)
                +
00015c e000     +LDI R16 , LOW ( 0 )
00015d e010     +LDI R17 , HIGH ( 0 )
                 	__GETWRN 16,17,0
                 _0x3D:
                +
00015e 300a     +CPI R16 , LOW ( 10 )
00015f e0e0     +LDI R30 , HIGH ( 10 )
000160 071e     +CPC R17 , R30
                 	__CPWRN 16,17,10
000161 f45c      	BRGE _0x3E
                 ; 0000 00F6 	{
                 ; 0000 00F7 		HX711_Buffer = HX711_Buffer + HX711_Read();
000162 df92      	RCALL _HX711_Read
000163 d09d      	RCALL SUBOPT_0xA
000164 d1d9      	RCALL __ADDD12
000165 d092      	RCALL SUBOPT_0x9
                 ; 0000 00F8         delay_us(500);
                +
000166 ee88     +LDI R24 , LOW ( 1000 )
000167 e093     +LDI R25 , HIGH ( 1000 )
                +__DELAY_USW_LOOP :
000168 9701     +SBIW R24 , 1
000169 f7f1     +BRNE __DELAY_USW_LOOP
                 	__DELAY_USW 1000
                 ; 0000 00F9 	}
                +
00016a 5f0f     +SUBI R16 , LOW ( - 1 )
00016b 4f1f     +SBCI R17 , HIGH ( - 1 )
                 	__ADDWRN 16,17,1
00016c cff1      	RJMP _0x3D
                 _0x3E:
                 ; 0000 00FA     HX711_Buffer = HX711_Buffer /10;
00016d d093      	RCALL SUBOPT_0xA
                +
00016e e0ea     +LDI R30 , LOW ( 0xA )
00016f e0f0     +LDI R31 , HIGH ( 0xA )
000170 e060     +LDI R22 , BYTE3 ( 0xA )
000171 e070     +LDI R23 , BYTE4 ( 0xA )
                 	__GETD1N 0xA
000172 d232      	RCALL __DIVD21
000173 d084      	RCALL SUBOPT_0x9
                 ; 0000 00FB     Weight_Maopi = HX711_Buffer/100;
000174 d08c      	RCALL SUBOPT_0xA
000175 d094      	RCALL SUBOPT_0xB
000176 93e0 0164 	STS  _Weight_Maopi,R30
000178 93f0 0165 	STS  _Weight_Maopi+1,R31
00017a 9360 0166 	STS  _Weight_Maopi+2,R22
00017c 9370 0167 	STS  _Weight_Maopi+3,R23
                 ; 0000 00FC }//get_offset
00017e 9109      	LD   R16,Y+
00017f 9119      	LD   R17,Y+
000180 9508      	RET
                 ; .FEND
                 ;
                 ;void sort_array(float b[], int size) {
                 ; 0000 00FE void sort_array(float b[], int size) {
                 _sort_array:
                 ; .FSTART _sort_array
                 ; 0000 00FF     int i;
                 ; 0000 0100     int o;
                 ; 0000 0101     for(i=0; i<(size-1); i++) {
000181 93ba      	ST   -Y,R27
000182 93aa      	ST   -Y,R26
000183 d26b      	RCALL __SAVELOCR4
                 ;	b -> Y+6
                 ;	size -> Y+4
                 ;	i -> R16,R17
                 ;	o -> R18,R19
                +
000184 e000     +LDI R16 , LOW ( 0 )
000185 e010     +LDI R17 , HIGH ( 0 )
                 	__GETWRN 16,17,0
                 _0x40:
000186 81ec      	LDD  R30,Y+4
000187 81fd      	LDD  R31,Y+4+1
000188 9731      	SBIW R30,1
000189 170e      	CP   R16,R30
00018a 071f      	CPC  R17,R31
00018b f5d4      	BRGE _0x41
                 ; 0000 0102         for( o=0; o<(size-(i+1)); o++) {
                +
00018c e020     +LDI R18 , LOW ( 0 )
00018d e030     +LDI R19 , HIGH ( 0 )
                 	__GETWRN 18,19,0
                 _0x43:
00018e 01f8      	MOVW R30,R16
00018f 9631      	ADIW R30,1
000190 81ac      	LDD  R26,Y+4
000191 81bd      	LDD  R27,Y+4+1
000192 d255      	RCALL __SWAPW12
000193 1bea      	SUB  R30,R26
000194 0bfb      	SBC  R31,R27
000195 172e      	CP   R18,R30
000196 073f      	CPC  R19,R31
000197 f55c      	BRGE _0x44
                 ; 0000 0103                 if(b[o] > b[o+1]) {
000198 01f9      	MOVW R30,R18
000199 d08d      	RCALL SUBOPT_0xF
00019a 937f      	PUSH R23
00019b 936f      	PUSH R22
00019c 93ff      	PUSH R31
00019d 93ef      	PUSH R30
00019e 01f9      	MOVW R30,R18
00019f 9631      	ADIW R30,1
0001a0 d086      	RCALL SUBOPT_0xF
0001a1 91af      	POP  R26
0001a2 91bf      	POP  R27
0001a3 918f      	POP  R24
0001a4 919f      	POP  R25
0001a5 d178      	RCALL __CMPF12
0001a6 f009      	BREQ PC+2
0001a7 f408      	BRCC PC+2
0001a8 c017      	RJMP _0x45
                 ; 0000 0104                     int t = b[o];
                 ; 0000 0105                     b[o] = b[o+1];
0001a9 9722      	SBIW R28,2
                 ;	b -> Y+8
                 ;	size -> Y+6
                 ;	t -> Y+0
0001aa d083      	RCALL SUBOPT_0x10
0001ab 0fae      	ADD  R26,R30
0001ac 1fbf      	ADC  R27,R31
0001ad d22b      	RCALL __GETW1P
0001ae d0c3      	RCALL __CFD1U
0001af 83e8      	ST   Y,R30
0001b0 83f9      	STD  Y+1,R31
0001b1 d07c      	RCALL SUBOPT_0x10
0001b2 0fea      	ADD  R30,R26
0001b3 1ffb      	ADC  R31,R27
0001b4 010f      	MOVW R0,R30
0001b5 d07d      	RCALL SUBOPT_0x11
0001b6 d226      	RCALL __GETD1P
0001b7 01d0      	MOVW R26,R0
0001b8 d22a      	RCALL __PUTDP1
                 ; 0000 0106                     b[o+1] = t;
0001b9 d079      	RCALL SUBOPT_0x11
0001ba 81e8      	LD   R30,Y
0001bb 81f9      	LDD  R31,Y+1
0001bc d1a6      	RCALL __CWD1
0001bd d0ed      	RCALL __CDF1
0001be d224      	RCALL __PUTDP1
                 ; 0000 0107                 }
0001bf 9622      	ADIW R28,2
                 ; 0000 0108         }
                 _0x45:
                +
0001c0 5f2f     +SUBI R18 , LOW ( - 1 )
0001c1 4f3f     +SBCI R19 , HIGH ( - 1 )
                 	__ADDWRN 18,19,1
0001c2 cfcb      	RJMP _0x43
                 _0x44:
                 ; 0000 0109     }
                +
0001c3 5f0f     +SUBI R16 , LOW ( - 1 )
0001c4 4f1f     +SBCI R17 , HIGH ( - 1 )
                 	__ADDWRN 16,17,1
0001c5 cfc0      	RJMP _0x40
                 _0x41:
                 ; 0000 010A }
0001c6 d22d      	RCALL __LOADLOCR4
0001c7 9628      	ADIW R28,8
0001c8 9508      	RET
                 ; .FEND
                 
                 	.DSEG
                 _Weight_Shiwu:
000160           	.BYTE 0x4
                 _Weight_Maopi:
000164           	.BYTE 0x4
                 _HX711_Buffer:
000168           	.BYTE 0x4
                 _scale:
00016c           	.BYTE 0x4
                 _array:
000170           	.BYTE 0xA4
                 _segment:
000214           	.BYTE 0x14
                 
                 	.CSEG
                 ;OPTIMIZER ADDED SUBROUTINE, CALLED 5 TIMES, CODE SIZE REDUCTION:22 WORDS
                 SUBOPT_0x0:
0001c9 e1a4      	LDI  R26,LOW(_segment)
0001ca e0b2      	LDI  R27,HIGH(_segment)
0001cb 0fee      	LSL  R30
0001cc 1fff      	ROL  R31
0001cd 0fae      	ADD  R26,R30
0001ce 1fbf      	ADC  R27,R31
0001cf 91ec      	LD   R30,X
0001d0 9508      	RET
                 
                 ;OPTIMIZER ADDED SUBROUTINE, CALLED 9 TIMES, CODE SIZE REDUCTION:6 WORDS
                 SUBOPT_0x1:
0001d1 e0b0      	LDI  R27,0
0001d2 c068      	RJMP _delay_ms
                 
                 ;OPTIMIZER ADDED SUBROUTINE, CALLED 3 TIMES, CODE SIZE REDUCTION:16 WORDS
                 SUBOPT_0x2:
0001d3 013f      	MOVW R6,R30
0001d4 01d3      	MOVW R26,R6
0001d5 e0ea      	LDI  R30,LOW(10)
0001d6 e0f0      	LDI  R31,HIGH(10)
0001d7 d1d2      	RCALL __MODW21
0001d8 83e8      	ST   Y,R30
0001d9 83f9      	STD  Y+1,R31
0001da cfee      	RJMP SUBOPT_0x0
                 
                 ;OPTIMIZER ADDED SUBROUTINE, CALLED 4 TIMES, CODE SIZE REDUCTION:1 WORDS
                 SUBOPT_0x3:
0001db e0a5      	LDI  R26,LOW(5)
0001dc cff4      	RJMP SUBOPT_0x1
                 
                 ;OPTIMIZER ADDED SUBROUTINE, CALLED 4 TIMES, CODE SIZE REDUCTION:1 WORDS
                 SUBOPT_0x4:
0001dd e0a1      	LDI  R26,LOW(1)
0001de cff2      	RJMP SUBOPT_0x1
                 
                 ;OPTIMIZER ADDED SUBROUTINE, CALLED 2 TIMES, CODE SIZE REDUCTION:2 WORDS
                 SUBOPT_0x5:
0001df 01d3      	MOVW R26,R6
0001e0 e0ea      	LDI  R30,LOW(10)
0001e1 e0f0      	LDI  R31,HIGH(10)
0001e2 d198      	RCALL __DIVW21
0001e3 cfef      	RJMP SUBOPT_0x2
                 
                 ;OPTIMIZER ADDED SUBROUTINE, CALLED 3 TIMES, CODE SIZE REDUCTION:4 WORDS
                 SUBOPT_0x6:
                +
0001e4 81e9     +LDD R30 , Y + 1
0001e5 81fa     +LDD R31 , Y + 1 + 1
0001e6 816b     +LDD R22 , Y + 1 + 2
0001e7 817c     +LDD R23 , Y + 1 + 3
                 	__GETD1S 1
0001e8 9508      	RET
                 
                 ;OPTIMIZER ADDED SUBROUTINE, CALLED 3 TIMES, CODE SIZE REDUCTION:4 WORDS
                 SUBOPT_0x7:
                +
0001e9 83e9     +STD Y + 1 , R30
0001ea 83fa     +STD Y + 1 + 1 , R31
0001eb 836b     +STD Y + 1 + 2 , R22
0001ec 837c     +STD Y + 1 + 3 , R23
                 	__PUTD1S 1
0001ed 9508      	RET
                 
                 ;OPTIMIZER ADDED SUBROUTINE, CALLED 2 TIMES, CODE SIZE REDUCTION:6 WORDS
                 SUBOPT_0x8:
0001ee e0e0      	LDI  R30,LOW(0)
0001ef 93e0 0168 	STS  _HX711_Buffer,R30
0001f1 93e0 0169 	STS  _HX711_Buffer+1,R30
0001f3 93e0 016a 	STS  _HX711_Buffer+2,R30
0001f5 93e0 016b 	STS  _HX711_Buffer+3,R30
0001f7 9508      	RET
                 
                 ;OPTIMIZER ADDED SUBROUTINE, CALLED 4 TIMES, CODE SIZE REDUCTION:19 WORDS
                 SUBOPT_0x9:
0001f8 93e0 0168 	STS  _HX711_Buffer,R30
0001fa 93f0 0169 	STS  _HX711_Buffer+1,R31
0001fc 9360 016a 	STS  _HX711_Buffer+2,R22
0001fe 9370 016b 	STS  _HX711_Buffer+3,R23
000200 9508      	RET
                 
                 ;OPTIMIZER ADDED SUBROUTINE, CALLED 4 TIMES, CODE SIZE REDUCTION:19 WORDS
                 SUBOPT_0xA:
000201 91a0 0168 	LDS  R26,_HX711_Buffer
000203 91b0 0169 	LDS  R27,_HX711_Buffer+1
000205 9180 016a 	LDS  R24,_HX711_Buffer+2
000207 9190 016b 	LDS  R25,_HX711_Buffer+3
000209 9508      	RET
                 
                 ;OPTIMIZER ADDED SUBROUTINE, CALLED 2 TIMES, CODE SIZE REDUCTION:2 WORDS
                 SUBOPT_0xB:
                +
00020a e6e4     +LDI R30 , LOW ( 0x64 )
00020b e0f0     +LDI R31 , HIGH ( 0x64 )
00020c e060     +LDI R22 , BYTE3 ( 0x64 )
00020d e070     +LDI R23 , BYTE4 ( 0x64 )
                 	__GETD1N 0x64
00020e d196      	RCALL __DIVD21
00020f 9508      	RET
                 
                 ;OPTIMIZER ADDED SUBROUTINE, CALLED 2 TIMES, CODE SIZE REDUCTION:5 WORDS
                 SUBOPT_0xC:
000210 93e0 0160 	STS  _Weight_Shiwu,R30
000212 93f0 0161 	STS  _Weight_Shiwu+1,R31
000214 9360 0162 	STS  _Weight_Shiwu+2,R22
000216 9370 0163 	STS  _Weight_Shiwu+3,R23
000218 9508      	RET
                 
                 ;OPTIMIZER ADDED SUBROUTINE, CALLED 3 TIMES, CODE SIZE REDUCTION:12 WORDS
                 SUBOPT_0xD:
000219 91e0 0160 	LDS  R30,_Weight_Shiwu
00021b 91f0 0161 	LDS  R31,_Weight_Shiwu+1
00021d 9160 0162 	LDS  R22,_Weight_Shiwu+2
00021f 9170 0163 	LDS  R23,_Weight_Shiwu+3
000221 9508      	RET
                 
                 ;OPTIMIZER ADDED SUBROUTINE, CALLED 2 TIMES, CODE SIZE REDUCTION:1 WORDS
                 SUBOPT_0xE:
000222 dff6      	RCALL SUBOPT_0xD
000223 d087      	RCALL __CDF1
000224 01df      	MOVW R26,R30
000225 01cb      	MOVW R24,R22
000226 9508      	RET
                 
                 ;OPTIMIZER ADDED SUBROUTINE, CALLED 2 TIMES, CODE SIZE REDUCTION:3 WORDS
                 SUBOPT_0xF:
000227 81ae      	LDD  R26,Y+6
000228 81bf      	LDD  R27,Y+6+1
000229 d12f      	RCALL __LSLW2
00022a 0fae      	ADD  R26,R30
00022b 1fbf      	ADC  R27,R31
00022c d1b0      	RCALL __GETD1P
00022d 9508      	RET
                 
                 ;OPTIMIZER ADDED SUBROUTINE, CALLED 2 TIMES, CODE SIZE REDUCTION:1 WORDS
                 SUBOPT_0x10:
00022e 01f9      	MOVW R30,R18
00022f 85a8      	LDD  R26,Y+8
000230 85b9      	LDD  R27,Y+8+1
000231 d127      	RCALL __LSLW2
000232 9508      	RET
                 
                 ;OPTIMIZER ADDED SUBROUTINE, CALLED 2 TIMES, CODE SIZE REDUCTION:4 WORDS
                 SUBOPT_0x11:
000233 01f9      	MOVW R30,R18
000234 9631      	ADIW R30,1
000235 85a8      	LDD  R26,Y+8
000236 85b9      	LDD  R27,Y+8+1
000237 d121      	RCALL __LSLW2
000238 0fae      	ADD  R26,R30
000239 1fbf      	ADC  R27,R31
00023a 9508      	RET
                 
                 
                 	.CSEG
                 _delay_ms:
00023b 9610      	adiw r26,0
00023c f039      	breq __delay_ms1
                 __delay_ms0:
                +
00023d ed80     +LDI R24 , LOW ( 0x7D0 )
00023e e097     +LDI R25 , HIGH ( 0x7D0 )
                +__DELAY_USW_LOOP :
00023f 9701     +SBIW R24 , 1
000240 f7f1     +BRNE __DELAY_USW_LOOP
                 	__DELAY_USW 0x7D0
000241 95a8      	wdr
000242 9711      	sbiw r26,1
000243 f7c9      	brne __delay_ms0
                 __delay_ms1:
000244 9508      	ret
                 
                 __ROUND_REPACK:
000245 2355      	TST  R21
000246 f442      	BRPL __REPACK
000247 3850      	CPI  R21,0x80
000248 f411      	BRNE __ROUND_REPACK0
000249 ffe0      	SBRS R30,0
00024a c004      	RJMP __REPACK
                 __ROUND_REPACK0:
00024b 9631      	ADIW R30,1
00024c 1f69      	ADC  R22,R25
00024d 1f79      	ADC  R23,R25
00024e f06b      	BRVS __REPACK1
                 
                 __REPACK:
00024f e850      	LDI  R21,0x80
000250 2757      	EOR  R21,R23
000251 f411      	BRNE __REPACK0
000252 935f      	PUSH R21
000253 c073      	RJMP __ZERORES
                 __REPACK0:
000254 3f5f      	CPI  R21,0xFF
000255 f031      	BREQ __REPACK1
000256 0f66      	LSL  R22
000257 0c00      	LSL  R0
000258 9557      	ROR  R21
000259 9567      	ROR  R22
00025a 2f75      	MOV  R23,R21
00025b 9508      	RET
                 __REPACK1:
00025c 935f      	PUSH R21
00025d 2000      	TST  R0
00025e f00a      	BRMI __REPACK2
00025f c073      	RJMP __MAXRES
                 __REPACK2:
000260 c06c      	RJMP __MINRES
                 
                 __UNPACK:
000261 e850      	LDI  R21,0x80
000262 2e19      	MOV  R1,R25
000263 2215      	AND  R1,R21
000264 0f88      	LSL  R24
000265 1f99      	ROL  R25
000266 2795      	EOR  R25,R21
000267 0f55      	LSL  R21
000268 9587      	ROR  R24
                 
                 __UNPACK1:
000269 e850      	LDI  R21,0x80
00026a 2e07      	MOV  R0,R23
00026b 2205      	AND  R0,R21
00026c 0f66      	LSL  R22
00026d 1f77      	ROL  R23
00026e 2775      	EOR  R23,R21
00026f 0f55      	LSL  R21
000270 9567      	ROR  R22
000271 9508      	RET
                 
                 __CFD1U:
000272 9468      	SET
000273 c001      	RJMP __CFD1U0
                 __CFD1:
000274 94e8      	CLT
                 __CFD1U0:
000275 935f      	PUSH R21
000276 dff2      	RCALL __UNPACK1
000277 3870      	CPI  R23,0x80
000278 f018      	BRLO __CFD10
000279 3f7f      	CPI  R23,0xFF
00027a f408      	BRCC __CFD10
00027b c04b      	RJMP __ZERORES
                 __CFD10:
00027c e156      	LDI  R21,22
00027d 1b57      	SUB  R21,R23
00027e f4aa      	BRPL __CFD11
00027f 9551      	NEG  R21
000280 3058      	CPI  R21,8
000281 f40e      	BRTC __CFD19
000282 3059      	CPI  R21,9
                 __CFD19:
000283 f030      	BRLO __CFD17
000284 efef      	SER  R30
000285 efff      	SER  R31
000286 ef6f      	SER  R22
000287 e77f      	LDI  R23,0x7F
000288 f977      	BLD  R23,7
000289 c01a      	RJMP __CFD15
                 __CFD17:
00028a 2777      	CLR  R23
00028b 2355      	TST  R21
00028c f0b9      	BREQ __CFD15
                 __CFD18:
00028d 0fee      	LSL  R30
00028e 1fff      	ROL  R31
00028f 1f66      	ROL  R22
000290 1f77      	ROL  R23
000291 955a      	DEC  R21
000292 f7d1      	BRNE __CFD18
000293 c010      	RJMP __CFD15
                 __CFD11:
000294 2777      	CLR  R23
                 __CFD12:
000295 3058      	CPI  R21,8
000296 f028      	BRLO __CFD13
000297 2fef      	MOV  R30,R31
000298 2ff6      	MOV  R31,R22
000299 2f67      	MOV  R22,R23
00029a 5058      	SUBI R21,8
00029b cff9      	RJMP __CFD12
                 __CFD13:
00029c 2355      	TST  R21
00029d f031      	BREQ __CFD15
                 __CFD14:
00029e 9576      	LSR  R23
00029f 9567      	ROR  R22
0002a0 95f7      	ROR  R31
0002a1 95e7      	ROR  R30
0002a2 955a      	DEC  R21
0002a3 f7d1      	BRNE __CFD14
                 __CFD15:
0002a4 2000      	TST  R0
0002a5 f40a      	BRPL __CFD16
0002a6 d0aa      	RCALL __ANEGD1
                 __CFD16:
0002a7 915f      	POP  R21
0002a8 9508      	RET
                 
                 __CDF1U:
0002a9 9468      	SET
0002aa c001      	RJMP __CDF1U0
                 __CDF1:
0002ab 94e8      	CLT
                 __CDF1U0:
0002ac 9730      	SBIW R30,0
0002ad 4060      	SBCI R22,0
0002ae 4070      	SBCI R23,0
0002af f0b1      	BREQ __CDF10
0002b0 2400      	CLR  R0
0002b1 f026      	BRTS __CDF11
0002b2 2377      	TST  R23
0002b3 f412      	BRPL __CDF11
0002b4 9400      	COM  R0
0002b5 d09b      	RCALL __ANEGD1
                 __CDF11:
0002b6 2e17      	MOV  R1,R23
0002b7 e17e      	LDI  R23,30
0002b8 2011      	TST  R1
                 __CDF12:
0002b9 f032      	BRMI __CDF13
0002ba 957a      	DEC  R23
0002bb 0fee      	LSL  R30
0002bc 1fff      	ROL  R31
0002bd 1f66      	ROL  R22
0002be 1c11      	ROL  R1
0002bf cff9      	RJMP __CDF12
                 __CDF13:
0002c0 2fef      	MOV  R30,R31
0002c1 2ff6      	MOV  R31,R22
0002c2 2d61      	MOV  R22,R1
0002c3 935f      	PUSH R21
0002c4 df8a      	RCALL __REPACK
0002c5 915f      	POP  R21
                 __CDF10:
0002c6 9508      	RET
                 
                 __ZERORES:
0002c7 27ee      	CLR  R30
0002c8 27ff      	CLR  R31
0002c9 2766      	CLR  R22
0002ca 2777      	CLR  R23
0002cb 915f      	POP  R21
0002cc 9508      	RET
                 
                 __MINRES:
0002cd efef      	SER  R30
0002ce efff      	SER  R31
0002cf e76f      	LDI  R22,0x7F
0002d0 ef7f      	SER  R23
0002d1 915f      	POP  R21
0002d2 9508      	RET
                 
                 __MAXRES:
0002d3 efef      	SER  R30
0002d4 efff      	SER  R31
0002d5 e76f      	LDI  R22,0x7F
0002d6 e77f      	LDI  R23,0x7F
0002d7 915f      	POP  R21
0002d8 9508      	RET
                 
                 __DIVF21:
0002d9 935f      	PUSH R21
0002da df86      	RCALL __UNPACK
0002db 3870      	CPI  R23,0x80
0002dc f421      	BRNE __DIVF210
0002dd 2011      	TST  R1
                 __DIVF211:
0002de f40a      	BRPL __DIVF219
0002df cfed      	RJMP __MINRES
                 __DIVF219:
0002e0 cff2      	RJMP __MAXRES
                 __DIVF210:
0002e1 3890      	CPI  R25,0x80
0002e2 f409      	BRNE __DIVF218
                 __DIVF217:
0002e3 cfe3      	RJMP __ZERORES
                 __DIVF218:
0002e4 2401      	EOR  R0,R1
0002e5 9408      	SEC
0002e6 0b97      	SBC  R25,R23
0002e7 f41b      	BRVC __DIVF216
0002e8 f3d4      	BRLT __DIVF217
0002e9 2000      	TST  R0
0002ea cff3      	RJMP __DIVF211
                 __DIVF216:
0002eb 2f79      	MOV  R23,R25
0002ec 931f      	PUSH R17
0002ed 932f      	PUSH R18
0002ee 933f      	PUSH R19
0002ef 934f      	PUSH R20
0002f0 2411      	CLR  R1
0002f1 2711      	CLR  R17
0002f2 2722      	CLR  R18
0002f3 2733      	CLR  R19
0002f4 2744      	CLR  R20
0002f5 2755      	CLR  R21
0002f6 e290      	LDI  R25,32
                 __DIVF212:
0002f7 17ae      	CP   R26,R30
0002f8 07bf      	CPC  R27,R31
0002f9 0786      	CPC  R24,R22
0002fa 0741      	CPC  R20,R17
0002fb f030      	BRLO __DIVF213
0002fc 1bae      	SUB  R26,R30
0002fd 0bbf      	SBC  R27,R31
0002fe 0b86      	SBC  R24,R22
0002ff 0b41      	SBC  R20,R17
000300 9408      	SEC
000301 c001      	RJMP __DIVF214
                 __DIVF213:
000302 9488      	CLC
                 __DIVF214:
000303 1f55      	ROL  R21
000304 1f22      	ROL  R18
000305 1f33      	ROL  R19
000306 1c11      	ROL  R1
000307 1faa      	ROL  R26
000308 1fbb      	ROL  R27
000309 1f88      	ROL  R24
00030a 1f44      	ROL  R20
00030b 959a      	DEC  R25
00030c f751      	BRNE __DIVF212
00030d 01f9      	MOVW R30,R18
00030e 2d61      	MOV  R22,R1
00030f 914f      	POP  R20
000310 913f      	POP  R19
000311 912f      	POP  R18
000312 911f      	POP  R17
000313 2366      	TST  R22
000314 f032      	BRMI __DIVF215
000315 0f55      	LSL  R21
000316 1fee      	ROL  R30
000317 1fff      	ROL  R31
000318 1f66      	ROL  R22
000319 957a      	DEC  R23
00031a f243      	BRVS __DIVF217
                 __DIVF215:
00031b df29      	RCALL __ROUND_REPACK
00031c 915f      	POP  R21
00031d 9508      	RET
                 
                 __CMPF12:
00031e 2399      	TST  R25
00031f f09a      	BRMI __CMPF120
000320 2377      	TST  R23
000321 f042      	BRMI __CMPF121
000322 1797      	CP   R25,R23
000323 f048      	BRLO __CMPF122
000324 f429      	BRNE __CMPF121
000325 17ae      	CP   R26,R30
000326 07bf      	CPC  R27,R31
000327 0786      	CPC  R24,R22
000328 f020      	BRLO __CMPF122
000329 f031      	BREQ __CMPF123
                 __CMPF121:
00032a 9498      	CLZ
00032b 9488      	CLC
00032c 9508      	RET
                 __CMPF122:
00032d 9498      	CLZ
00032e 9408      	SEC
00032f 9508      	RET
                 __CMPF123:
000330 9418      	SEZ
000331 9488      	CLC
000332 9508      	RET
                 __CMPF120:
000333 2377      	TST  R23
000334 f7c2      	BRPL __CMPF122
000335 1797      	CP   R25,R23
000336 f398      	BRLO __CMPF121
000337 f7a9      	BRNE __CMPF122
000338 17ea      	CP   R30,R26
000339 07fb      	CPC  R31,R27
00033a 0768      	CPC  R22,R24
00033b f388      	BRLO __CMPF122
00033c f399      	BREQ __CMPF123
00033d cfec      	RJMP __CMPF121
                 
                 __ADDD12:
00033e 0fea      	ADD  R30,R26
00033f 1ffb      	ADC  R31,R27
000340 1f68      	ADC  R22,R24
000341 1f79      	ADC  R23,R25
000342 9508      	RET
                 
                 __SUBD12:
000343 1bea      	SUB  R30,R26
000344 0bfb      	SBC  R31,R27
000345 0b68      	SBC  R22,R24
000346 0b79      	SBC  R23,R25
000347 9508      	RET
                 
                 __XORD12:
000348 27ea      	EOR  R30,R26
000349 27fb      	EOR  R31,R27
00034a 2768      	EOR  R22,R24
00034b 2779      	EOR  R23,R25
00034c 9508      	RET
                 
                 __ANEGW1:
00034d 95f1      	NEG  R31
00034e 95e1      	NEG  R30
00034f 40f0      	SBCI R31,0
000350 9508      	RET
                 
                 __ANEGD1:
000351 95f0      	COM  R31
000352 9560      	COM  R22
000353 9570      	COM  R23
000354 95e1      	NEG  R30
000355 4fff      	SBCI R31,-1
000356 4f6f      	SBCI R22,-1
000357 4f7f      	SBCI R23,-1
000358 9508      	RET
                 
                 __LSLW2:
000359 0fee      	LSL  R30
00035a 1fff      	ROL  R31
00035b 0fee      	LSL  R30
00035c 1fff      	ROL  R31
00035d 9508      	RET
                 
                 __LSLD1:
00035e 0fee      	LSL  R30
00035f 1fff      	ROL  R31
000360 1f66      	ROL  R22
000361 1f77      	ROL  R23
000362 9508      	RET
                 
                 __CWD1:
000363 2f6f      	MOV  R22,R31
000364 0f66      	ADD  R22,R22
000365 0b66      	SBC  R22,R22
000366 2f76      	MOV  R23,R22
000367 9508      	RET
                 
                 __DIVW21U:
000368 2400      	CLR  R0
000369 2411      	CLR  R1
00036a e190      	LDI  R25,16
                 __DIVW21U1:
00036b 0faa      	LSL  R26
00036c 1fbb      	ROL  R27
00036d 1c00      	ROL  R0
00036e 1c11      	ROL  R1
00036f 1a0e      	SUB  R0,R30
000370 0a1f      	SBC  R1,R31
000371 f418      	BRCC __DIVW21U2
000372 0e0e      	ADD  R0,R30
000373 1e1f      	ADC  R1,R31
000374 c001      	RJMP __DIVW21U3
                 __DIVW21U2:
000375 60a1      	SBR  R26,1
                 __DIVW21U3:
000376 959a      	DEC  R25
000377 f799      	BRNE __DIVW21U1
000378 01fd      	MOVW R30,R26
000379 01d0      	MOVW R26,R0
00037a 9508      	RET
                 
                 __DIVW21:
00037b d03c      	RCALL __CHKSIGNW
00037c dfeb      	RCALL __DIVW21U
00037d f40e      	BRTC __DIVW211
00037e dfce      	RCALL __ANEGW1
                 __DIVW211:
00037f 9508      	RET
                 
                 __DIVD21U:
000380 933f      	PUSH R19
000381 934f      	PUSH R20
000382 935f      	PUSH R21
000383 2400      	CLR  R0
000384 2411      	CLR  R1
000385 2744      	CLR  R20
000386 2755      	CLR  R21
000387 e230      	LDI  R19,32
                 __DIVD21U1:
000388 0faa      	LSL  R26
000389 1fbb      	ROL  R27
00038a 1f88      	ROL  R24
00038b 1f99      	ROL  R25
00038c 1c00      	ROL  R0
00038d 1c11      	ROL  R1
00038e 1f44      	ROL  R20
00038f 1f55      	ROL  R21
000390 1a0e      	SUB  R0,R30
000391 0a1f      	SBC  R1,R31
000392 0b46      	SBC  R20,R22
000393 0b57      	SBC  R21,R23
000394 f428      	BRCC __DIVD21U2
000395 0e0e      	ADD  R0,R30
000396 1e1f      	ADC  R1,R31
000397 1f46      	ADC  R20,R22
000398 1f57      	ADC  R21,R23
000399 c001      	RJMP __DIVD21U3
                 __DIVD21U2:
00039a 60a1      	SBR  R26,1
                 __DIVD21U3:
00039b 953a      	DEC  R19
00039c f759      	BRNE __DIVD21U1
00039d 01fd      	MOVW R30,R26
00039e 01bc      	MOVW R22,R24
00039f 01d0      	MOVW R26,R0
0003a0 01ca      	MOVW R24,R20
0003a1 915f      	POP  R21
0003a2 914f      	POP  R20
0003a3 913f      	POP  R19
0003a4 9508      	RET
                 
                 __DIVD21:
0003a5 d020      	RCALL __CHKSIGND
0003a6 dfd9      	RCALL __DIVD21U
0003a7 f40e      	BRTC __DIVD211
0003a8 dfa8      	RCALL __ANEGD1
                 __DIVD211:
0003a9 9508      	RET
                 
                 __MODW21:
0003aa 94e8      	CLT
0003ab ffb7      	SBRS R27,7
0003ac c004      	RJMP __MODW211
0003ad 95a0      	COM  R26
0003ae 95b0      	COM  R27
0003af 9611      	ADIW R26,1
0003b0 9468      	SET
                 __MODW211:
0003b1 fdf7      	SBRC R31,7
0003b2 df9a      	RCALL __ANEGW1
0003b3 dfb4      	RCALL __DIVW21U
0003b4 01fd      	MOVW R30,R26
0003b5 f40e      	BRTC __MODW212
0003b6 df96      	RCALL __ANEGW1
                 __MODW212:
0003b7 9508      	RET
                 
                 __CHKSIGNW:
0003b8 94e8      	CLT
0003b9 fff7      	SBRS R31,7
0003ba c002      	RJMP __CHKSW1
0003bb df91      	RCALL __ANEGW1
0003bc 9468      	SET
                 __CHKSW1:
0003bd ffb7      	SBRS R27,7
0003be c006      	RJMP __CHKSW2
0003bf 95a0      	COM  R26
0003c0 95b0      	COM  R27
0003c1 9611      	ADIW R26,1
0003c2 f800      	BLD  R0,0
0003c3 9403      	INC  R0
0003c4 fa00      	BST  R0,0
                 __CHKSW2:
0003c5 9508      	RET
                 
                 __CHKSIGND:
0003c6 94e8      	CLT
0003c7 ff77      	SBRS R23,7
0003c8 c002      	RJMP __CHKSD1
0003c9 df87      	RCALL __ANEGD1
0003ca 9468      	SET
                 __CHKSD1:
0003cb ff97      	SBRS R25,7
0003cc c00b      	RJMP __CHKSD2
0003cd 2400      	CLR  R0
0003ce 95a0      	COM  R26
0003cf 95b0      	COM  R27
0003d0 9580      	COM  R24
0003d1 9590      	COM  R25
0003d2 9611      	ADIW R26,1
0003d3 1d80      	ADC  R24,R0
0003d4 1d90      	ADC  R25,R0
0003d5 f800      	BLD  R0,0
0003d6 9403      	INC  R0
0003d7 fa00      	BST  R0,0
                 __CHKSD2:
0003d8 9508      	RET
                 
                 __GETW1P:
0003d9 91ed      	LD   R30,X+
0003da 91fc      	LD   R31,X
0003db 9711      	SBIW R26,1
0003dc 9508      	RET
                 
                 __GETD1P:
0003dd 91ed      	LD   R30,X+
0003de 91fd      	LD   R31,X+
0003df 916d      	LD   R22,X+
0003e0 917c      	LD   R23,X
0003e1 9713      	SBIW R26,3
0003e2 9508      	RET
                 
                 __PUTDP1:
0003e3 93ed      	ST   X+,R30
0003e4 93fd      	ST   X+,R31
0003e5 936d      	ST   X+,R22
0003e6 937c      	ST   X,R23
0003e7 9508      	RET
                 
                 __SWAPW12:
0003e8 2e1b      	MOV  R1,R27
0003e9 2fbf      	MOV  R27,R31
0003ea 2df1      	MOV  R31,R1
                 
                 __SWAPB12:
0003eb 2e1a      	MOV  R1,R26
0003ec 2fae      	MOV  R26,R30
0003ed 2de1      	MOV  R30,R1
0003ee 9508      	RET
                 
                 __SAVELOCR4:
0003ef 933a      	ST   -Y,R19
                 __SAVELOCR3:
0003f0 932a      	ST   -Y,R18
                 __SAVELOCR2:
0003f1 931a      	ST   -Y,R17
0003f2 930a      	ST   -Y,R16
0003f3 9508      	RET
                 
                 __LOADLOCR4:
0003f4 813b      	LDD  R19,Y+3
                 __LOADLOCR3:
0003f5 812a      	LDD  R18,Y+2
                 __LOADLOCR2:
0003f6 8119      	LDD  R17,Y+1
0003f7 8108      	LD   R16,Y
0003f8 9508      	RET
                 
                 ;END OF CODE MARKER
                 __END_OF_CODE:


RESOURCE USE INFORMATION
------------------------

Notice:
The register and instruction counts are symbol table hit counts,
and hence implicitly used resources are not counted, eg, the
'lpm' instruction without operands implicitly uses r0 and z,
none of which are counted.

x,y,z are separate entities in the symbol table and are
counted separately from r26..r31 here.

.dseg memory usage only counts static data declared with .byte

ATmega8A register use summary:
r0 :  34 r1 :  24 r2 :   0 r3 :   0 r4 :   5 r5 :   2 r6 :   6 r7 :   1 
r8 :   0 r9 :   0 r10:   0 r11:   0 r12:   0 r13:   0 r14:   0 r15:   0 
r16:  15 r17:  23 r18:  14 r19:  13 r20:  13 r21:  46 r22:  61 r23:  61 
r24:  31 r25:  30 r26:  64 r27:  42 r28:   8 r29:   1 r30: 178 r31:  81 
x  :  14 y  :  54 z  :   7 
Registers used: 25 out of 35 (71.4%)

ATmega8A instruction use summary:
.lds  :   0 .lds.l:   0 .sts  :   0 .sts.l:   0 adc   :  17 add   :  10 
adiw  :  13 and   :   2 andi  :   2 asr   :   0 bclr  :   0 bld   :   3 
brbc  :   0 brbs  :   0 brcc  :   4 brcs  :   0 break :   0 breq  :   9 
brge  :   5 brhc  :   0 brhs  :   0 brid  :   0 brie  :   0 brlo  :   8 
brlt  :   1 brmi  :   5 brne  :  17 brpl  :   7 brsh  :   1 brtc  :   4 
brts  :   1 brvc  :   1 brvs  :   2 bset  :   0 bst   :   2 cbi   :   7 
cbr   :   0 clc   :   3 clh   :   0 cli   :   1 cln   :   0 clr   :  24 
cls   :   0 clt   :   5 clv   :   0 clz   :   2 com   :  12 cp    :   8 
cpc   :  12 cpi   :  12 cpse  :   0 dec   :   8 des   :   0 eor   :   8 
fmul  :   0 fmuls :   0 fmulsu:   0 icall :   0 ijmp  :   0 in    :   0 
inc   :   2 ld    :  12 ldd   :  24 ldi   :  97 lds   :  25 lpm   :   7 
lsl   :  15 lsr   :   1 mov   :  20 movw  :  29 mul   :   0 muls  :   0 
mulsu :   0 neg   :   4 nop   :   0 or    :   0 ori   :   0 out   :  41 
pop   :  19 push  :  18 rcall : 101 ret   :  50 reti  :   0 rjmp  :  62 
rol   :  35 ror   :   7 sbc   :  13 sbci  :  13 sbi   :  11 sbic  :   2 
sbis  :   2 sbiw  :  13 sbr   :   2 sbrc  :   1 sbrs  :   6 sec   :   3 
seh   :   0 sei   :   0 sen   :   0 ser   :   8 ses   :   0 set   :   5 
sev   :   0 sez   :   1 sleep :   0 spm   :   0 st    :  19 std   :  13 
sts   :  24 sub   :   6 subi  :   7 swap  :   0 tst   :  14 wdr   :   1 

Instructions used: 71 out of 114 (62.3%)

ATmega8A memory use summary [bytes]:
Segment   Begin    End      Code   Data   Used    Size   Use%
---------------------------------------------------------------
[.cseg] 0x000000 0x0007f2   1996     38   2034    8192  24.8%
[.dseg] 0x000060 0x000228      0    200    200    1024  19.5%
[.eseg] 0x000000 0x000000      0      0      0     512   0.0%

Assembly complete, 0 errors, 5 warnings
